=== A1 checkpoint discard evidence (run7) ===
Tue Jul  7 19:35:00 UTC 2026
/root/bringup/ckpt/:
total 20
drwxr-xr-x 4 root root 4096 Jul  7 19:33 .
drwxr-xr-x 7 root root 4096 Jul  7 19:15 ..
drwxr-xr-x 2 root root 4096 Jul  7 19:32 iter_0000000
-rw-r--r-- 1 root root    1 Jul  7 19:32 latest_checkpointed_iteration.txt
drwxr-xr-x 2 root root 4096 Jul  7 19:33 rollout

/root/bringup/ckpt/iter_0000000/:
total 54997144
drwxr-xr-x 2 root root        4096 Jul  7 19:32 .
drwxr-xr-x 4 root root        4096 Jul  7 19:33 ..
-rw-r--r-- 1 root root      206360 Jul  7 19:32 .metadata
-rw-r--r-- 1 root root 28150725537 Jul  7 19:32 __0_0.distcp
-rw-r--r-- 1 root root 28166061964 Jul  7 19:32 __0_1.distcp
-rw-r--r-- 1 root root       51623 Jul  7 19:31 common.pt
-rw-r--r-- 1 root root         119 Jul  7 19:32 metadata.json
53G	/root/bringup/ckpt
--- after rm -rf ---
/dev/vda1       776G   75G  701G  10% /
