[1/230] getmoto__moto-5752 ok 12s
[2/230] getmoto__moto-6178 ok 9s
[3/230] getmoto__moto-5865 ok 18s
[4/230] getmoto__moto-5545 ok 15s
[5/230] getmoto__moto-4833 ok 12s
[6/230] getmoto__moto-7105 ok 11s
[7/230] getmoto__moto-6185 ok 11s
[8/230] getmoto__moto-6212 ok 11s
[9/230] getmoto__moto-6469 ok 15s
[10/230] getmoto__moto-7111 ok 17s
[11/230] getmoto__moto-5286 ok 13s
[12/230] getmoto__moto-6470 ok 11s
[13/230] getmoto__moto-7584 ok 16s
[14/230] getmoto__moto-6308 ok 16s
[15/230] getmoto__moto-5417 ok 15s
[16/230] getmoto__moto-4847 ok 10s
[17/230] getmoto__moto-5699 ok 9s
[18/230] getmoto__moto-5794 ok 11s
[19/230] getmoto__moto-7607 ok 19s
[20/230] getmoto__moto-5134 ok 10s
[21/230] getmoto__moto-4975 ok 13s
[22/230] getmoto__moto-5347 ok 10s
[23/230] getmoto__moto-5885 ok 15s
[24/230] getmoto__moto-6157 ok 13s
[25/230] getmoto__moto-5020 ok 11s
[26/230] getmoto__moto-7484 ok 13s
[27/230] getmoto__moto-7361 ok 10s
[28/230] getmoto__moto-4799 ok 10s
[29/230] getmoto__moto-5321 ok 13s
[30/230] getmoto__moto-5835 ok 12s
[31/230] getmoto__moto-5562 ok 11s
[32/230] getmoto__moto-6041 ok 9s
[33/230] getmoto__moto-7495 ok 11s
[34/230] getmoto__moto-6387 ok 10s
[35/230] getmoto__moto-7335 ok 19s
[36/230] getmoto__moto-7348 ok 25s
[37/230] getmoto__moto-5980 ok 11s
[38/230] getmoto__moto-6022 ok 20s
[39/230] getmoto__moto-6226 ok 12s
[40/230] getmoto__moto-5737 ok 18s
[41/230] getmoto__moto-5406 ok 16s
[42/230] getmoto__moto-5899 ok 13s
[43/230] getmoto__moto-6913 ok 10s
[44/230] getmoto__moto-6508 ok 13s
[45/230] getmoto__moto-6317 ok 11s
[46/230] getmoto__moto-5701 ok 23s
[47/230] getmoto__moto-4990 ok 14s
[48/230] getmoto__moto-6121 ok 9s
[49/230] getmoto__moto-6355 ok 11s
[50/230] getmoto__moto-7273 ok 19s
[51/230] getmoto__moto-6585 ok 13s
[52/230] getmoto__moto-5960 ok 9s
[53/230] getmoto__moto-5478 ok 16s
[54/230] getmoto__moto-5502 ok 13s
[55/230] getmoto__moto-6114 ok 12s
[56/230] getmoto__moto-7331 ok 16s
[57/230] getmoto__moto-5620 ok 15s
[58/230] getmoto__moto-6701 ok 11s
[59/230] getmoto__moto-6408 ok 15s
[60/230] python__mypy-10392 ok 12s
[61/230] python__mypy-15184 ok 13s
[62/230] python__mypy-11966 ok 11s
[63/230] python__mypy-10658 ok 12s
[64/230] python__mypy-11420 ok 10s
[65/230] python__mypy-11824 ok 13s
[66/230] python__mypy-5617 ok 20s
[67/230] python__mypy-15208 ok 9s
[68/230] python__mypy-15876 ok 16s
[69/230] python__mypy-16963 ok 11s
[70/230] python__mypy-10478 ok 10s
[71/230] python__mypy-9625 ok 13s
[72/230] python__mypy-10308 ok 16s
[73/230] python__mypy-12741 ok 29s
[74/230] python__mypy-11434 ok 10s
[75/230] python__mypy-11236 ok 16s
[76/230] python__mypy-16966 ok 13s
[77/230] python__mypy-15131 ok 15s
[78/230] python__mypy-10174 ok 10s
[79/230] python__mypy-11857 ok 11s
[80/230] python__mypy-10424 ok 15s
[81/230] python__mypy-16869 ok 7s
[82/230] python__mypy-11241 ok 15s
[83/230] python__mypy-11352 ok 12s
[84/230] python__mypy-10284 ok 11s
[85/230] python__mypy-15413 ok 20s
[86/230] python__mypy-12222 ok 17s
[87/230] python__mypy-9629 ok 13s
[88/230] python__mypy-10382 ok 14s
[89/230] python__mypy-10401 ok 11s
[90/230] python__mypy-10430 ok 13s
[91/230] python__mypy-9909 ok 11s
[92/230] python__mypy-16555 ok 10s
[93/230] python__mypy-11567 ok 15s
[94/230] python__mypy-11945 ok 21s
[95/230] python__mypy-17071 ok 8s
[96/230] python__mypy-16905 ok 21s
[97/230] python__mypy-12417 ok 10s
[98/230] python__mypy-11707 ok 21s
[99/230] python__mypy-15139 ok 25s
[100/230] conan-io__conan-13788 ok 21s
[101/230] conan-io__conan-11560 ok 14s
[102/230] conan-io__conan-14296 ok 16s
[103/230] conan-io__conan-13721 ok 12s
[104/230] conan-io__conan-12397 ok 13s
[105/230] conan-io__conan-14177 ok 16s
[106/230] conan-io__conan-13610 ok 16s
[107/230] conan-io__conan-13326 ok 11s
[108/230] conan-io__conan-13230 ok 12s
[109/230] conan-io__conan-11594 ok 15s
[110/230] conan-io__conan-15422 ok 15s
[111/230] conan-io__conan-13403 ok 16s
[112/230] iterative__dvc-5822 ok 16s
[113/230] iterative__dvc-4785 ok 19s
[114/230] iterative__dvc-1712 ok 12s
[115/230] iterative__dvc-3677 ok 22s
[116/230] iterative__dvc-4185 ok 12s
[117/230] iterative__dvc-3576 ok 10s
[118/230] iterative__dvc-1877 ok 14s
[119/230] iterative__dvc-5148 ok 13s
[120/230] iterative__dvc-4166 ok 14s
[121/230] iterative__dvc-2126 ok 31s
[122/230] iterative__dvc-5839 ok 12s
[123/230] iterative__dvc-9391 ok 15s
[124/230] iterative__dvc-9212 ok 17s
[125/230] iterative__dvc-4719 ok 14s
[126/230] iterative__dvc-1808 ok 11s
[127/230] iterative__dvc-1661 ok 27s
[128/230] iterative__dvc-4066 ok 16s
[129/230] iterative__dvc-4778 ok 14s
[130/230] iterative__dvc-1681 ok 16s
[131/230] iterative__dvc-4961 ok 16s
[132/230] iterative__dvc-5004 ok 14s
[133/230] iterative__dvc-3527 ok 12s
[134/230] iterative__dvc-3315 ok 12s
[135/230] iterative__dvc-6954 ok 10s
[136/230] iterative__dvc-2231 ok 16s
[137/230] iterative__dvc-4124 ok 17s
[138/230] iterative__dvc-4125 ok 19s
[139/230] iterative__dvc-2254 ok 14s
[140/230] iterative__dvc-5336 ok 21s
[141/230] iterative__dvc-3794 ok 21s
[142/230] iterative__dvc-9395 ok 16s
[143/230] iterative__dvc-2017 ok 22s
[144/230] iterative__dvc-3620 ok 15s
[145/230] iterative__dvc-2141 ok 33s
[146/230] iterative__dvc-3665 ok 12s
[147/230] iterative__dvc-5188 ok 14s
[148/230] dask__dask-6626 ok 12s
[149/230] dask__dask-6818 ok 11s
[150/230] dask__dask-8597 ok 14s
[151/230] dask__dask-7894 ok 11s
[152/230] dask__dask-8801 ok 14s
[153/230] dask__dask-8792 ok 14s
[154/230] dask__dask-10972 ok 21s
[155/230] dask__dask-9212 ok 13s
[156/230] dask__dask-7656 ok 14s
[157/230] dask__dask-7138 ok 14s
[158/230] dask__dask-7305 ok 15s
[159/230] dask__dask-8820 ok 18s
[160/230] dask__dask-6801 ok 16s
[161/230] dask__dask-9378 ok 12s
[162/230] pydantic__pydantic-8500 ok 8s
[163/230] pydantic__pydantic-6104 ok 10s
[164/230] pydantic__pydantic-9066 ok 12s
[165/230] pydantic__pydantic-6283 ok 10s
[166/230] pydantic__pydantic-5662 ok 12s
[167/230] pydantic__pydantic-8316 ok 9s
[168/230] pydantic__pydantic-8583 ok 14s
[169/230] pydantic__pydantic-8567 ok 12s
[170/230] pydantic__pydantic-9134 ok 19s
[171/230] pydantic__pydantic-8525 ok 11s
[172/230] pydantic__pydantic-8793 ok 10s
[173/230] pydantic__pydantic-6126 ok 16s
[174/230] pydantic__pydantic-5706 ok 12s
[175/230] pydantic__pydantic-9214 ok 12s
[176/230] pydantic__pydantic-5386 ok 21s
[177/230] pydantic__pydantic-8977 ok 22s
[178/230] pydantic__pydantic-8004 ok 12s
[179/230] pydantic__pydantic-6043 ok 21s
[180/230] pydantic__pydantic-8511 ok 15s
[181/230] pydantic__pydantic-9193 ok 16s
[182/230] pandas-dev__pandas-56849 ok 15s
[183/230] pandas-dev__pandas-53958 ok 23s
[184/230] pandas-dev__pandas-48106 ok 15s
[185/230] pandas-dev__pandas-50319 ok 13s
[186/230] pandas-dev__pandas-51605 ok 17s
[187/230] facebookresearch__hydra-2189 ok 11s
[188/230] facebookresearch__hydra-1783 ok 12s
[189/230] facebookresearch__hydra-1915 ok 20s
[190/230] facebookresearch__hydra-893 ok 11s
[191/230] facebookresearch__hydra-1791 ok 7s
[192/230] facebookresearch__hydra-2290 ok 17s
[193/230] facebookresearch__hydra-1741 ok 19s
[194/230] facebookresearch__hydra-1006 ok 13s
[195/230] facebookresearch__hydra-1551 ok 19s
[196/230] facebookresearch__hydra-1824 ok 13s
[197/230] facebookresearch__hydra-1661 ok 17s
[198/230] bokeh__bokeh-13289 ok 18s
[199/230] Project-MONAI__MONAI-4688 ok 12s
[200/230] Project-MONAI__MONAI-3715 ok 15s
[201/230] Project-MONAI__MONAI-2061 ok 17s
[202/230] Project-MONAI__MONAI-3326 ok 20s
[203/230] Project-MONAI__MONAI-2454 ok 16s
[204/230] Project-MONAI__MONAI-5686 ok 9s
[205/230] Project-MONAI__MONAI-4676 ok 12s
[206/230] Project-MONAI__MONAI-5932 ok 11s
[207/230] Project-MONAI__MONAI-6775 ok 22s
[208/230] Project-MONAI__MONAI-6975 ok 11s
[209/230] Project-MONAI__MONAI-3205 ok 15s
[210/230] Project-MONAI__MONAI-6756 ok 11s
[211/230] Project-MONAI__MONAI-5908 ok 11s
[212/230] Project-MONAI__MONAI-4925 ok 13s
[213/230] Project-MONAI__MONAI-4109 ok 10s
[214/230] Project-MONAI__MONAI-1121 ok 17s
[215/230] Project-MONAI__MONAI-3547 ok 17s
[216/230] Project-MONAI__MONAI-907 ok 13s
[217/230] Project-MONAI__MONAI-4775 ok 15s
[218/230] Project-MONAI__MONAI-3566 ok 19s
[219/230] Project-MONAI__MONAI-763 ok 9s
[220/230] Project-MONAI__MONAI-3690 ok 14s
[221/230] Project-MONAI__MONAI-4159 ok 18s
[222/230] Project-MONAI__MONAI-3403 ok 9s
[223/230] Project-MONAI__MONAI-2446 ok 12s
[224/230] Project-MONAI__MONAI-6523 ok 14s
[225/230] Project-MONAI__MONAI-4583 ok 12s
[226/230] modin-project__modin-5940 ok 14s
[227/230] modin-project__modin-6780 ok 11s
[228/230] modin-project__modin-6937 ok 10s
[229/230] modin-project__modin-6400 ok 12s
[230/230] modin-project__modin-6298 ok 12s
