[1/20] Project-MONAI__MONAI-4159 ok 20s
[2/20] bokeh__bokeh-13289 ok 15s
[3/20] conan-io__conan-11560 ok 16s
[4/20] dask__dask-7138 ok 18s
[5/20] facebookresearch__hydra-1783 ok 10s
[6/20] getmoto__moto-6185 ok 13s
[7/20] iterative__dvc-5004 ok 16s
[8/20] modin-project__modin-6298 ok 11s
[9/20] pandas-dev__pandas-56849 ok 16s
[10/20] pydantic__pydantic-8004 ok 12s
[11/20] python__mypy-16905 ok 17s
[12/20] Project-MONAI__MONAI-3566 ok 10s
[13/20] conan-io__conan-13403 ok 16s
[14/20] dask__dask-7305 ok 19s
[15/20] facebookresearch__hydra-1006 ok 12s
[16/20] getmoto__moto-6317 ok 18s
[17/20] iterative__dvc-5188 ok 13s
[18/20] modin-project__modin-5940 ok 17s
[19/20] pandas-dev__pandas-53958 ok 22s
[20/20] pydantic__pydantic-8511 ok 14s
