.s...................................................................... [  1%]
.s...................................................................... [  2%]
....................................................s...sss....x........ [  4%]
..................................s..................................... [  5%]
........................................................................ [  7%]
........................................................................ [  8%]
..................ss..ssss.................s............................ [ 10%]
.............ssss....................................................... [ 11%]
........................................................................ [ 13%]
........................................................................ [ 14%]
........................................................................ [ 16%]
........................................sssss........................... [ 17%]
...................s.................................................... [ 19%]
..ss....ss.....ss.s........s.s...sss.................................... [ 20%]
..........................sss........................................... [ 22%]
...............................................s........................ [ 23%]
...................s.....................s................s.....s..s.... [ 25%]
.....ss....................................s......s..................... [ 26%]
........................................................................ [ 28%]
........................................................................ [ 29%]
.....................................................s.................. [ 31%]
..................sss................................................... [ 32%]
........................................................................ [ 34%]
....................................................................ss.. [ 35%]
s.................................................s.........s........... [ 37%]
.................................sx.......sss........................... [ 38%]
........................................................................ [ 40%]
........................................................................ [ 41%]
........................................................................ [ 43%]
........................................................................ [ 44%]
.....s................................................................x. [ 46%]
........................................................................ [ 47%]
........................................................................ [ 49%]
....................sssssssssssssssssssssssss........................... [ 50%]
........................................................................ [ 52%]
........................................................................ [ 53%]
........................................................................ [ 55%]
........................................................................ [ 56%]
...............................ss....................................... [ 57%]
........................................................................ [ 59%]
..................................................x..................... [ 60%]
........................................................s............... [ 62%]
........................................................................ [ 63%]
........................................................................ [ 65%]
........................................................................ [ 66%]
........................................................................ [ 68%]
........................................................................ [ 69%]
.....s.........s..........................s..x.......................... [ 71%]
.........x......................................................s....... [ 72%]
........................................................................ [ 74%]
........................................................................ [ 75%]
........................................................................ [ 77%]
..........x......ss..................................................... [ 78%]
........................................................................ [ 80%]
........................................................................ [ 81%]
........................................................................ [ 83%]
........................................................................ [ 84%]
........................................................................ [ 86%]
........................................................................ [ 87%]
.........................................................sss.sss.s.s.s.s [ 89%]
.s.s.sss..sss.sss.s.sss..........s.s.s.s.s.s............................ [ 90%]
........sssssssssssss.s................................................. [ 92%]
........................................................................ [ 93%]
........................................................................ [ 95%]
........................................................................ [ 96%]
........................................................................ [ 98%]
....................................ssssssssssssssssssssssssssssssssssss [ 99%]
ssssssssssssssssss                                                       [100%]
Results (28.67s):
      4639 passed
       196 skipped
         7 xfailed
RC=0
