# nccl-tests version 2.19.5 nccl-headers=22703 nccl-library=22703
# Collective test starting: all_reduce_perf
# nThread 1 nGpus 4 minBytes 16777216 maxBytes 1073741824 step: 4(factor) warmup iters: 1 iters: 20 agg iters: 1 validation: 1 graph: 0 unalign: 0
#
# Using devices
#  Rank  0 Group  0 Pid  22193 on computeinstance-u00tfr70n13et452j2 device  0 [0000:db:00] NVIDIA RTX PRO 6000 Blackwell Server Edition
#  Rank  1 Group  0 Pid  22193 on computeinstance-u00tfr70n13et452j2 device  1 [0000:e0:00] NVIDIA RTX PRO 6000 Blackwell Server Edition
#  Rank  2 Group  0 Pid  22193 on computeinstance-u00tfr70n13et452j2 device  2 [0000:e5:00] NVIDIA RTX PRO 6000 Blackwell Server Edition
#  Rank  3 Group  0 Pid  22193 on computeinstance-u00tfr70n13et452j2 device  3 [0000:ea:00] NVIDIA RTX PRO 6000 Blackwell Server Edition
#
#                                                              out-of-place                       in-place          
#       size         count      type   redop    root     time   algbw   busbw  #wrong     time   algbw   busbw  #wrong 
#        (B)    (elements)                               (us)  (GB/s)  (GB/s)             (us)  (GB/s)  (GB/s)         
    16777216       4194304     float     sum      -1  1371.68   12.23   18.35       0  1370.12   12.25   18.37       0
    67108864      16777216     float     sum      -1  5401.06   12.43   18.64       0  5411.05   12.40   18.60       0
   268435456      67108864     float     sum      -1  21238.9   12.64   18.96       0  21273.2   12.62   18.93       0
  1073741824     268435456     float     sum      -1  83479.1   12.86   19.29       0  83555.1   12.85   19.28       0
# Out of bounds values : 0 OK
# Avg bus bandwidth    : 18.8014 
#
# Collective test concluded: all_reduce_perf
#

