# nccl-tests version 2.19.5 nccl-headers=22703 nccl-library=22703
# Collective test starting: alltoall_perf
# nThread 1 nGpus 2 minBytes 16777216 maxBytes 1073741824 step: 4(factor) warmup iters: 1 iters: 20 agg iters: 1 validation: 1 graph: 0 unalign: 0
#
# Using devices
#  Rank  0 Group  0 Pid  20752 on computeinstance-u00tfr70n13et452j2 device  0 [0000:db:00] NVIDIA RTX PRO 6000 Blackwell Server Edition
#  Rank  1 Group  0 Pid  20752 on computeinstance-u00tfr70n13et452j2 device  1 [0000:e0:00] NVIDIA RTX PRO 6000 Blackwell Server Edition
#
#                                                              out-of-place                       in-place          
#       size         count      type   redop    root     time   algbw   busbw  #wrong     time   algbw   busbw  #wrong 
#        (B)    (elements)                               (us)  (GB/s)  (GB/s)             (us)  (GB/s)  (GB/s)         
    16777216       2097152     float    none      -1   523.83   32.03   16.01       0   521.55   32.17   16.08    N/A
    67108864       8388608     float    none      -1  1929.31   34.78   17.39       0  1929.93   34.77   17.39    N/A
   268435456      33554432     float    none      -1  7546.60   35.57   17.79       0  7570.11   35.46   17.73    N/A
  1073741824     134217728     float    none      -1  30096.6   35.68   17.84       0  30257.3   35.49   17.74    N/A
# Out of bounds values : 0 OK
# Avg bus bandwidth    : 17.2466 
#
# Collective test concluded: alltoall_perf
#

