make -C src build BUILDDIR=/root/nccl-tests/build
make[1]: Entering directory '/root/nccl-tests/src'
make[2]: Entering directory '/root/nccl-tests/os'
Compiling  timer.cc                            > /root/nccl-tests/build/timer.o
Compiling /root/nccl-tests/build/verifiable/verifiable.o
Compiling  all_reduce.cu                       > /root/nccl-tests/build/all_reduce.o
Compiling  common.cu                           > /root/nccl-tests/build/common.o
nvcc warning : Support for offline compilation for architectures prior to '<compute/sm/lto>_75' will be removed in a future release (Use -Wno-deprecated-gpu-targets to suppress warning).
nvcc warning : Support for offline compilation for architectures prior to '<compute/sm/lto>_75' will be removed in a future release (Use -Wno-deprecated-gpu-targets to suppress warning).
Compiling  util.cu                             > /root/nccl-tests/build/util.o
nvcc warning : Support for offline compilation for architectures prior to '<compute/sm/lto>_75' will be removed in a future release (Use -Wno-deprecated-gpu-targets to suppress warning).
Compiling  all_gather.cu                       > /root/nccl-tests/build/all_gather.o
Compiling  linux.cc                            > /root/nccl-tests/build/os/linux.o
nvcc warning : Support for offline compilation for architectures prior to '<compute/sm/lto>_75' will be removed in a future release (Use -Wno-deprecated-gpu-targets to suppress warning).
Compiling  broadcast.cu                        > /root/nccl-tests/build/broadcast.o
nvcc warning : Support for offline compilation for architectures prior to '<compute/sm/lto>_75' will be removed in a future release (Use -Wno-deprecated-gpu-targets to suppress warning).
Compiling  reduce_scatter.cu                   > /root/nccl-tests/build/reduce_scatter.o
nvcc warning : Support for offline compilation for architectures prior to '<compute/sm/lto>_75' will be removed in a future release (Use -Wno-deprecated-gpu-targets to suppress warning).
Compiling  reduce.cu                           > /root/nccl-tests/build/reduce.o
nvcc warning : Support for offline compilation for architectures prior to '<compute/sm/lto>_75' will be removed in a future release (Use -Wno-deprecated-gpu-targets to suppress warning).
Compiling  alltoall.cu                         > /root/nccl-tests/build/alltoall.o
nvcc warning : Support for offline compilation for architectures prior to '<compute/sm/lto>_75' will be removed in a future release (Use -Wno-deprecated-gpu-targets to suppress warning).
Compiling  alltoallv.cu                        > /root/nccl-tests/build/alltoallv.o
nvcc warning : Support for offline compilation for architectures prior to '<compute/sm/lto>_75' will be removed in a future release (Use -Wno-deprecated-gpu-targets to suppress warning).
nvcc warning : Support for offline compilation for architectures prior to '<compute/sm/lto>_75' will be removed in a future release (Use -Wno-deprecated-gpu-targets to suppress warning).
Compiling  scatter.cu                          > /root/nccl-tests/build/scatter.o
Compiling  gather.cu                           > /root/nccl-tests/build/gather.o
nvcc warning : Support for offline compilation for architectures prior to '<compute/sm/lto>_75' will be removed in a future release (Use -Wno-deprecated-gpu-targets to suppress warning).
Compiling  sendrecv.cu                         > /root/nccl-tests/build/sendrecv.o
Creating archive /root/nccl-tests/build/os/linux.o   > /root/nccl-tests/build/os/libnccl_test_os.a
nvcc warning : Support for offline compilation for architectures prior to '<compute/sm/lto>_75' will be removed in a future release (Use -Wno-deprecated-gpu-targets to suppress warning).
Compiling  hypercube.cu                        > /root/nccl-tests/build/hypercube.o
make[2]: Leaving directory '/root/nccl-tests/os'
nvcc warning : Support for offline compilation for architectures prior to '<compute/sm/lto>_75' will be removed in a future release (Use -Wno-deprecated-gpu-targets to suppress warning).
nvcc warning : Support for offline compilation for architectures prior to '<compute/sm/lto>_75' will be removed in a future release (Use -Wno-deprecated-gpu-targets to suppress warning).
Linking  /root/nccl-tests/build/all_reduce.o > /root/nccl-tests/build/all_reduce_perf
Linking  /root/nccl-tests/build/all_gather.o > /root/nccl-tests/build/all_gather_perf
nvcc warning : Support for offline compilation for architectures prior to '<compute/sm/lto>_75' will be removed in a future release (Use -Wno-deprecated-gpu-targets to suppress warning).
Linking  /root/nccl-tests/build/broadcast.o  > /root/nccl-tests/build/broadcast_perf
nvcc warning : Support for offline compilation for architectures prior to '<compute/sm/lto>_75' will be removed in a future release (Use -Wno-deprecated-gpu-targets to suppress warning).
Linking  /root/nccl-tests/build/reduce_scatter.o > /root/nccl-tests/build/reduce_scatter_perf
nvcc warning : Support for offline compilation for architectures prior to '<compute/sm/lto>_75' will be removed in a future release (Use -Wno-deprecated-gpu-targets to suppress warning).
Linking  /root/nccl-tests/build/reduce.o     > /root/nccl-tests/build/reduce_perf
nvcc warning : Support for offline compilation for architectures prior to '<compute/sm/lto>_75' will be removed in a future release (Use -Wno-deprecated-gpu-targets to suppress warning).
Linking  /root/nccl-tests/build/alltoall.o   > /root/nccl-tests/build/alltoall_perf
nvcc warning : Support for offline compilation for architectures prior to '<compute/sm/lto>_75' will be removed in a future release (Use -Wno-deprecated-gpu-targets to suppress warning).
Linking  /root/nccl-tests/build/alltoallv.o  > /root/nccl-tests/build/alltoallv_perf
nvcc warning : Support for offline compilation for architectures prior to '<compute/sm/lto>_75' will be removed in a future release (Use -Wno-deprecated-gpu-targets to suppress warning).
Linking  /root/nccl-tests/build/scatter.o    > /root/nccl-tests/build/scatter_perf
nvcc warning : Support for offline compilation for architectures prior to '<compute/sm/lto>_75' will be removed in a future release (Use -Wno-deprecated-gpu-targets to suppress warning).
Linking  /root/nccl-tests/build/gather.o     > /root/nccl-tests/build/gather_perf
nvcc warning : Support for offline compilation for architectures prior to '<compute/sm/lto>_75' will be removed in a future release (Use -Wno-deprecated-gpu-targets to suppress warning).
Linking  /root/nccl-tests/build/sendrecv.o   > /root/nccl-tests/build/sendrecv_perf
Linking  /root/nccl-tests/build/hypercube.o  > /root/nccl-tests/build/hypercube_perf
nvcc warning : Support for offline compilation for architectures prior to '<compute/sm/lto>_75' will be removed in a future release (Use -Wno-deprecated-gpu-targets to suppress warning).
nvcc warning : Support for offline compilation for architectures prior to '<compute/sm/lto>_75' will be removed in a future release (Use -Wno-deprecated-gpu-targets to suppress warning).
nvcc warning : Support for offline compilation for architectures prior to '<compute/sm/lto>_75' will be removed in a future release (Use -Wno-deprecated-gpu-targets to suppress warning).
make[1]: Leaving directory '/root/nccl-tests/src'
