{
  "positive_control": {
    "outcome": "unresolved",
    "failure_category": "candidate_execution_failed",
    "reward": 0.0,
    "member_disposition": {
      "verdict": "KEEP_FULL",
      "reason_code": "all_dimensions_ok",
      "layer": "eligibility",
      "detail": "七维全过、present_complete"
    },
    "resource": {
      "oom_kill_events": 0,
      "container_oom_killed": false,
      "test_rc": 2,
      "signal_exit": false
    }
  },
  "no_qualification_control": {
    "outcome": "failed_to_grade",
    "failure_category": "test_log_parse_failed",
    "reward": null,
    "member_disposition": {
      "verdict": "DROP_GROUP",
      "reason_code": "reward_scope_none",
      "layer": "eligibility",
      "detail": "合法不合格：['reward_scope_none', 'grading_test_log_parse_failed']"
    },
    "resource": {
      "oom_kill_events": 0,
      "container_oom_killed": false,
      "test_rc": 2,
      "signal_exit": false
    }
  },
  "resource_unknown": {
    "outcome": "unresolved",
    "failure_category": "candidate_execution_failed",
    "reward": 0.0,
    "member_disposition": {
      "verdict": "KEEP_FULL",
      "reason_code": "all_dimensions_ok",
      "layer": "eligibility",
      "detail": "七维全过、present_complete"
    },
    "resource": {
      "oom_kill_events": null,
      "container_oom_killed": null,
      "test_rc": 2,
      "signal_exit": false
    }
  },
  "resource_and_rc_unknown": {
    "outcome": "unresolved",
    "failure_category": "candidate_execution_failed",
    "reward": 0.0,
    "member_disposition": {
      "verdict": "KEEP_FULL",
      "reason_code": "all_dimensions_ok",
      "layer": "eligibility",
      "detail": "七维全过、present_complete"
    },
    "resource": {
      "oom_kill_events": null,
      "container_oom_killed": null,
      "test_rc": null,
      "signal_exit": false
    }
  },
  "json_shadow_transport": {
    "outcome": "unresolved",
    "failure_category": "candidate_execution_failed",
    "reward": 0.0,
    "member_disposition": {
      "verdict": "KEEP_FULL",
      "reason_code": "all_dimensions_ok",
      "layer": "eligibility",
      "detail": "七维全过、present_complete"
    },
    "resource": {
      "oom_kill_events": 0,
      "container_oom_killed": false,
      "test_rc": 2,
      "signal_exit": false
    }
  },
  "unrelated_error_transport": {
    "outcome": "unresolved",
    "failure_category": "candidate_execution_failed",
    "reward": 0.0,
    "member_disposition": {
      "verdict": "KEEP_FULL",
      "reason_code": "all_dimensions_ok",
      "layer": "eligibility",
      "detail": "七维全过、present_complete"
    },
    "resource": {
      "oom_kill_events": 0,
      "container_oom_killed": false,
      "test_rc": 2,
      "signal_exit": false
    }
  }
}
