base {'orig': 0, 'v2': 0, 'v2s': 0, 'v3d': 0, 'v3s': 0} 
gold {'orig': 1, 'v2': 1, 'v2s': 0, 'v3d': 1, 'v3s': 0} 
ctx {'orig': 1, 'v2': 1, 'v2s': 1, 'v3d': 1, 'v3s': 1} 
parity {'orig': 1, 'v2': 1, 'v2s': 1, 'v3d': 1, 'v3s': 1} 
ctx_list {'orig': 1, 'v2': 1, 'v2s': 1, 'v3d': 1, 'v3s': 1} 
rv_swallow_attr {'orig': 1, 'v2': 1, 'v2s': 0, 'v3d': 0, 'v3s': 0} 
rv_dynamotype {'orig': 1, 'v2': 1, 'v2s': 1, 'v3d': 1, 'v3s': 1} 
rv_depth4 {'orig': 1, 'v2': 1, 'v2s': 1, 'v3d': 1, 'v3s': 0} 
rv_scalar_s {'orig': 1, 'v2': 1, 'v2s': 0, 'v3d': 0, 'v3s': 0} 
rv_tagparent {'orig': 1, 'v2': 1, 'v2s': 1, 'v3d': 1, 'v3s': 0} 
rv_shape_key {'orig': 1, 'v2': 1, 'v2s': 0, 'v3d': 1, 'v3s': 0} 
rv_top_or_null {'orig': 1, 'v2': 0, 'v2s': 0, 'v3d': 0, 'v3s': 0} 
rv_break_after_s {'orig': 1, 'v2': 0, 'v2s': 0, 'v3d': 0, 'v3s': 0} 
top_only {'orig': 1, 'v2': 0, 'v2s': 0, 'v3d': 0, 'v3s': 0} 
siblings {'orig': 1, 'v2': 0, 'v2s': 0, 'v3d': 0, 'v3s': 0} 
depth2 {'orig': 1, 'v2': 0, 'v2s': 0, 'v3d': 0, 'v3s': 0} 
list_as_names {'orig': 1, 'v2': 0, 'v2s': 0, 'v3d': 0, 'v3s': 0} 
shape {'orig': 0, 'v2': 0, 'v2s': 0, 'v3d': 0, 'v3s': 0} 
rootkey {'orig': 1, 'v2': 1, 'v2s': 0, 'v3d': 1, 'v3s': 0} 
null_only {'orig': 0, 'v2': 0, 'v2s': 0, 'v3d': 0, 'v3s': 0} 
swallow {'orig': 1, 'v2': 0, 'v2s': 0, 'v3d': 0, 'v3s': 0} 
