RH2PROBE {"id": "S01_issue_example", "got": [false, true, {"x": "0", "y": true}, {"x": "0", "y": true}, "{\"x\":\"0\",\"y\":true}"], "warn": 0}
RH2PROBE {"id": "S02_docs_validator_ordering", "got": ["wrap-4: pre", "before-4", "wrap-3: pre", "before-3", "plain", "after-3", "wrap-3: post", "after-4", "wrap-4: post"], "warn": 0}
RH2PROBE {"id": "S03_strictbool_pv", "got": true, "warn": 0}
RH2PROBE {"id": "S04_positiveint_pv_minus5", "got": -5, "warn": 0}
RH2PROBE {"id": "S05_field_default_gt_pv_minus5", "got": -5, "warn": 0}
RH2PROBE {"id": "S06_field_default_strict_pv", "got": true, "warn": 0}
RH2PROBE {"id": "S07_field_default_maxlen_pv", "got": "abcdef", "warn": 0}
RH2PROBE {"id": "S08v_A08_between_after_validation", "got": 7, "warn": 0}
RH2PROBE {"id": "S08s_A08_between_after_dump", "got": [{"z": 7}, "{\"z\":7}"], "warn": 0}
RH2PROBE {"id": "S09_before_left_of_ser_pv", "got": [true, {"z": true}], "warn": 0}
RH2PROBE {"id": "S10_wrap_left_of_ser_pv", "got": [true, {"z": true}], "warn": 0}
RH2PROBE {"id": "S10b_after_left_of_ser_pv_v3shape", "got": [true, {"z": true}], "warn": 0}
RH2PROBE {"id": "S11_ser_withjsonschema_pv", "got": [true, {"z": true}, "{\"z\":true}"], "warn": 0}
RH2PROBE {"id": "S12_ser_field_ge_pv", "got": [-3, {"c": -3}], "warn": 0}
RH2PROBE {"id": "S13v_nested_alias_ser_after_then_pv", "got": false, "warn": 0}
RH2PROBE {"id": "S13s_nested_alias_ser_after_then_pv_dump", "got": [{"z": false}, "{\"z\":false}"], "warn": 0}
RH2PROBE {"id": "S14_info_serializer_before_pv", "got": [{"z": 5}, "{\"z\":5}"], "warn": 0}
RH2PROBE {"id": "S15_unknown_type_pv", "got": ["Unsupported", "Unsupported"], "warn": 0}
RH2PROBE {"id": "S16_both_sides_serializers", "got": {"z": "B"}, "warn": 0}
RH2PROBE {"id": "S17_typeadapter_list", "got": [[false, true], "[false,true]"], "warn": 0}
RH2PROBE {"id": "S18_when_used_json_before_pv", "got": [{"x": 1234}, "{\"x\":1234}"], "warn": 0}
RH2PROBE {"id": "S19_wrapserializer_before_pv", "got": {"z": true}, "warn": 0}
RH2PROBE {"id": "S20_short_circuit", "got": "abc", "warn": 0}
RH2PROBE {"id": "S21_optional", "got": [{"z": null}, {"z": true}], "warn": 0}
RH2PROBE {"id": "S22_strictbool_after_ser_pv_v3fix_shape", "got": [true, {"z": true}], "warn": 0}
RH2PROBE {"id": "S23_ser_strict_pv_between_nonwrapping", "got": [true, {"z": true}], "warn": 0}
