7ca1207903b97cfd6e90a180f227774d4ef631d62d3482fe48483a05d31cbe82  /testbed/r2e_tests/test_1.py
[1m============================= test session starts ==============================[0m
platform linux -- Python 3.9.21, pytest-8.3.4, pluggy-1.5.0
rootdir: /testbed
configfile: setup.cfg
plugins: cov-6.0.0
collected 95 items

r2e_tests/test_1.py [32m.[0m[32m.[0m[32m.[0m[32m.[0m[32m.[0m[32m.[0m[32m.[0m[32m.[0m[32m.[0m[32m.[0m[32m.[0m[32m.[0m[32m.[0m[32m.[0m[32m.[0m[32m.[0m[32m.[0m[32m.[0m[32m.[0m[32m.[0m[32m.[0m[32m.[0m[32m.[0m[32m.[0m[32m.[0m[32m.[0m[32m.[0m[32m.[0m[32m.[0m[32m.[0m[32m.[0m[33ms[0m[33ms[0m[32m.[0m[32m.[0m[32m.[0m[32m.[0m[32m.[0m[32m.[0m[32m.[0m[32m.[0m[32m.[0m[32m.[0m[32m.[0m[32m.[0m[32m.[0m[32m.[0m[32m.[0m[32m.[0m[32m.[0m[32m.[0m[32m.[0m[32m [ 54%]
[0m[32m.[0m[31mF[0m[32m.[0m[32m.[0m[31mF[0m[32m.[0m[31mF[0m[32m.[0m[32m.[0m[32m.[0m[32m.[0m[32m.[0m[32m.[0m[32m.[0m[32m.[0m[32m.[0m[32m.[0m[32m.[0m[32m.[0m[32m.[0m[32m.[0m[32m.[0m[32m.[0m[32m.[0m[32m.[0m[32m.[0m[31mF[0m[31mF[0m[31mF[0m[31mF[0m[32m.[0m[32m.[0m[32m.[0m[32m.[0m[32m.[0m[32m.[0m[32m.[0m[32m.[0m[32m.[0m[32m.[0m[32m.[0m[32m.[0m[31mF[0m[31m                              [100%][0m

=================================== FAILURES ===================================
[31m[1m______________________________ test_dispose2_diff ______________________________[0m

tmp_path = PosixPath('/tmp/pytest-of-root/pytest-2/test_dispose2_diff0')

    def test_dispose2_diff(tmp_path):
        out = str(tmp_path / "temp.gif")
    
        # 4 frames: red/blue, red/red, blue/blue, red/blue
        circles = [
            ((255, 0, 0, 255), (0, 0, 255, 255)),
            ((255, 0, 0, 255), (255, 0, 0, 255)),
            ((0, 0, 255, 255), (0, 0, 255, 255)),
            ((255, 0, 0, 255), (0, 0, 255, 255)),
        ]
    
        im_list = []
        for i in range(len(circles)):
            # Transparent BG
            img = Image.new("RGBA", (100, 100), (255, 255, 255, 0))
    
            # Two circles per frame
            d = ImageDraw.Draw(img)
            d.ellipse([(0, 30), (40, 70)], fill=circles[i][0])
            d.ellipse([(60, 30), (100, 70)], fill=circles[i][1])
    
            im_list.append(img)
    
        im_list[0].save(
            out, save_all=True, append_images=im_list[1:], disposal=2, transparency=0
        )
    
        with Image.open(out) as img:
            for i, colours in enumerate(circles):
                img.seek(i)
                rgb_img = img.convert("RGBA")
    
                # Check left circle is correct colour
                assert rgb_img.getpixel((20, 50)) == colours[0]
    
                # Check right circle is correct colour
                assert rgb_img.getpixel((80, 50)) == colours[1]
    
                # Check BG is correct colour
>               assert rgb_img.getpixel((1, 1)) == (255, 255, 255, 0)
[1m[31mE               assert (255, 255, 255, 255) == (255, 255, 255, 0)[0m
[1m[31mE                 [0m
[1m[31mE                 At index 3 diff: 255 != 0[0m
[1m[31mE                 Use -v to get more diff[0m

[1m[31mr2e_tests/test_1.py[0m:660: AssertionError
[31m[1m______________________ test_transparency_in_second_frame _______________________[0m

tmp_path = PosixPath('/tmp/pytest-of-root/pytest-2/test_transparency_in_second_fr0')

    def test_transparency_in_second_frame(tmp_path):
        out = str(tmp_path / "temp.gif")
        with Image.open("Tests/images/different_transparency.gif") as im:
            assert im.info["transparency"] == 0
    
            # Seek to the second frame
            im.seek(im.tell() + 1)
            assert "transparency" not in im.info
    
            assert_image_equal_tofile(im, "Tests/images/different_transparency_merged.png")
    
            im.save(out, save_all=True)
    
        with Image.open(out) as reread:
            reread.seek(reread.tell() + 1)
>           assert_image_equal_tofile(
                reread, "Tests/images/different_transparency_merged.png"
            )

[1m[31mr2e_tests/test_1.py[0m:722: 
_ _ _ _ _ _ _ _ _ _ _ _ _ _ _ _ _ _ _ _ _ _ _ _ _ _ _ _ _ _ _ _ _ _ _ _ _ _ _ _ 
[1m[31mr2e_tests/helper.py[0m:105: in assert_image_equal_tofile
    assert_image_equal(a, img, msg)
_ _ _ _ _ _ _ _ _ _ _ _ _ _ _ _ _ _ _ _ _ _ _ _ _ _ _ _ _ _ _ _ _ _ _ _ _ _ _ _ 

a = <PIL.GifImagePlugin.GifImageFile image mode=RGB size=100x100 at 0x7F2E147B21F0>
b = <PIL.PngImagePlugin.PngImageFile image mode=RGBA size=100x100 at 0x7F2E147B2220>
msg = None

    def assert_image_equal(a, b, msg=None):
>       assert a.mode == b.mode, msg or f"got mode {repr(a.mode)}, expected {repr(b.mode)}"
[1m[31mE       AssertionError: got mode 'RGB', expected 'RGBA'[0m

[1m[31mr2e_tests/helper.py[0m:88: AssertionError
[31m[1m__________________________ test_remapped_transparency __________________________[0m

tmp_path = PosixPath('/tmp/pytest-of-root/pytest-2/test_remapped_transparency0')

    def test_remapped_transparency(tmp_path):
        out = str(tmp_path / "temp.gif")
    
        im = Image.new("P", (1, 2))
        im2 = im.copy()
    
        # Add transparency at a higher index
        # so that it will be optimized to a lower index
        im.putpixel((0, 1), 5)
        im.info["transparency"] = 5
        im.save(out, save_all=True, append_images=[im2])
    
        with Image.open(out) as reloaded:
>           assert reloaded.info["transparency"] == reloaded.getpixel((0, 1))
[1m[31mE           KeyError: 'transparency'[0m

[1m[31mr2e_tests/test_1.py[0m:750: KeyError
[31m[1m__________________________ test_transparent_optimize ___________________________[0m

tmp_path = PosixPath('/tmp/pytest-of-root/pytest-2/test_transparent_optimize0')

    def test_transparent_optimize(tmp_path):
        # From issue #2195, if the transparent color is incorrectly optimized out, GIF loses
        # transparency.
        # Need a palette that isn't using the 0 color,
        # where the transparent color is actually the top palette entry to trigger the bug.
    
        data = bytes(range(1, 254))
        palette = ImagePalette.ImagePalette("RGB", list(range(256)) * 3)
    
        im = Image.new("L", (253, 1))
        im.frombytes(data)
        im.putpalette(palette)
    
        out = str(tmp_path / "temp.gif")
        im.save(out, transparency=im.getpixel((252, 0)))
    
        with Image.open(out) as reloaded:
>           assert reloaded.info["transparency"] == reloaded.getpixel((252, 0))
[1m[31mE           KeyError: 'transparency'[0m

[1m[31mr2e_tests/test_1.py[0m:1086: KeyError
[31m[1m__________________________ test_removed_transparency ___________________________[0m

tmp_path = PosixPath('/tmp/pytest-of-root/pytest-2/test_removed_transparency0')

    def test_removed_transparency(tmp_path):
        out = str(tmp_path / "temp.gif")
        im = Image.new("RGB", (256, 1))
    
        for x in range(256):
            im.putpixel((x, 0), (x, 0, 0))
    
        im.info["transparency"] = (255, 255, 255)
        im.save(out)
    
        with Image.open(out) as reloaded:
            assert "transparency" not in reloaded.info
    
        # Saving does not change the image that was saved
        assert im.info["transparency"] == (255, 255, 255)
    
        # An RGB image with more than 256 colours, where the transparent colour
        # cannot be allocated in the palette either
        im = hopper("RGB")
        im.info["transparency"] = im.getpixel((0, 0))
        im.save(out)
    
        with Image.open(out) as reloaded:
            assert "transparency" not in reloaded.info
        assert im.info["transparency"] == im.getpixel((0, 0))
    
        # A transparent colour that is already in the full palette is still used
        im = Image.new("RGB", (256, 1))
        for x in range(256):
            im.putpixel((x, 0), (x, 0, 0))
        im.info["transparency"] = (255, 0, 0)
        im.save(out)
    
        with Image.open(out) as reloaded:
>           assert reloaded.info["transparency"] == reloaded.getpixel((255, 0))
[1m[31mE           KeyError: 'transparency'[0m

[1m[31mr2e_tests/test_1.py[0m:1123: KeyError
[31m[1m____________________________ test_rgb_transparency _____________________________[0m

tmp_path = PosixPath('/tmp/pytest-of-root/pytest-2/test_rgb_transparency0')

    def test_rgb_transparency(tmp_path):
        out = str(tmp_path / "temp.gif")
    
        # Single frame
        im = Image.new("RGB", (1, 1))
        im.info["transparency"] = (255, 0, 0)
        im.save(out)
    
        with Image.open(out) as reloaded:
>           assert "transparency" in reloaded.info
[1m[31mE           AssertionError: assert 'transparency' in {'background': 0, 'version': b'GIF89a'}[0m
[1m[31mE            +  where {'background': 0, 'version': b'GIF89a'} = <PIL.GifImagePlugin.GifImageFile image mode=P size=1x1 at 0x7F2E1483F520>.info[0m

[1m[31mr2e_tests/test_1.py[0m:1144: AssertionError
[31m[1m____________________________ test_rgba_transparency ____________________________[0m

tmp_path = PosixPath('/tmp/pytest-of-root/pytest-2/test_rgba_transparency0')

    def test_rgba_transparency(tmp_path):
        out = str(tmp_path / "temp.gif")
    
        im = hopper("P")
        im.save(out, save_all=True, append_images=[Image.new("RGBA", im.size)])
    
        with Image.open(out) as reloaded:
            reloaded.seek(1)
>           assert_image_equal(hopper("P").convert("RGB"), reloaded)

[1m[31mr2e_tests/test_1.py[0m:1165: 
_ _ _ _ _ _ _ _ _ _ _ _ _ _ _ _ _ _ _ _ _ _ _ _ _ _ _ _ _ _ _ _ _ _ _ _ _ _ _ _ 

a = <PIL.Image.Image image mode=RGB size=128x128 at 0x7F2E144B2790>
b = <PIL.GifImagePlugin.GifImageFile image mode=RGB size=128x128 at 0x7F2E144B2760>
msg = None

    def assert_image_equal(a, b, msg=None):
        assert a.mode == b.mode, msg or f"got mode {repr(a.mode)}, expected {repr(b.mode)}"
        assert a.size == b.size, msg or f"got size {repr(a.size)}, expected {repr(b.size)}"
        if a.tobytes() != b.tobytes():
            if HAS_UPLOADER:
                try:
                    url = test_image_results.upload(a, b)
                    logger.error(f"Url for test images: {url}")
                except Exception:
                    pass
    
>           assert False, msg or "got different content"
[1m[31mE           AssertionError: got different content[0m

[1m[31mr2e_tests/helper.py[0m:98: AssertionError
[31m[1m_______________________________ test_saving_rgba _______________________________[0m

tmp_path = PosixPath('/tmp/pytest-of-root/pytest-2/test_saving_rgba0')

    def test_saving_rgba(tmp_path):
        out = str(tmp_path / "temp.gif")
        with Image.open("Tests/images/transparent.png") as im:
            im.save(out)
    
        with Image.open(out) as reloaded:
            reloaded_rgba = reloaded.convert("RGBA")
>           assert reloaded_rgba.load()[0, 0][3] == 0
[1m[31mE           assert 255 == 0[0m

[1m[31mr2e_tests/test_1.py[0m:1346: AssertionError
==================================== PASSES ====================================
[36m[1m=========================== short test summary info ============================[0m
[32mPASSED[0m r2e_tests/test_1.py::[1mtest_sanity[0m
[32mPASSED[0m r2e_tests/test_1.py::[1mtest_unclosed_file[0m
[32mPASSED[0m r2e_tests/test_1.py::[1mtest_closed_file[0m
[32mPASSED[0m r2e_tests/test_1.py::[1mtest_seek_after_close[0m
[32mPASSED[0m r2e_tests/test_1.py::[1mtest_context_manager[0m
[32mPASSED[0m r2e_tests/test_1.py::[1mtest_invalid_file[0m
[32mPASSED[0m r2e_tests/test_1.py::[1mtest_l_mode_transparency[0m
[32mPASSED[0m r2e_tests/test_1.py::[1mtest_l_mode_after_rgb[0m
[32mPASSED[0m r2e_tests/test_1.py::[1mtest_palette_not_needed_for_second_frame[0m
[32mPASSED[0m r2e_tests/test_1.py::[1mtest_strategy[0m
[32mPASSED[0m r2e_tests/test_1.py::[1mtest_optimize[0m
[32mPASSED[0m r2e_tests/test_1.py::[1mtest_optimize_correctness[256-511-256][0m
[32mPASSED[0m r2e_tests/test_1.py::[1mtest_optimize_correctness[255-511-255][0m
[32mPASSED[0m r2e_tests/test_1.py::[1mtest_optimize_correctness[129-511-129][0m
[32mPASSED[0m r2e_tests/test_1.py::[1mtest_optimize_correctness[128-511-128][0m
[32mPASSED[0m r2e_tests/test_1.py::[1mtest_optimize_correctness[64-511-64][0m
[32mPASSED[0m r2e_tests/test_1.py::[1mtest_optimize_correctness[4-511-4][0m
[32mPASSED[0m r2e_tests/test_1.py::[1mtest_optimize_correctness[128-513-256][0m
[32mPASSED[0m r2e_tests/test_1.py::[1mtest_optimize_correctness[64-513-256][0m
[32mPASSED[0m r2e_tests/test_1.py::[1mtest_optimize_correctness[4-513-256][0m
[32mPASSED[0m r2e_tests/test_1.py::[1mtest_optimize_full_l[0m
[32mPASSED[0m r2e_tests/test_1.py::[1mtest_optimize_if_palette_can_be_reduced_by_half[0m
[32mPASSED[0m r2e_tests/test_1.py::[1mtest_roundtrip[0m
[32mPASSED[0m r2e_tests/test_1.py::[1mtest_roundtrip2[0m
[32mPASSED[0m r2e_tests/test_1.py::[1mtest_roundtrip_save_all[0m
[32mPASSED[0m r2e_tests/test_1.py::[1mtest_roundtrip_save_all_1[0m
[32mPASSED[0m r2e_tests/test_1.py::[1mtest_loading_multiple_palettes[Tests/images/dispose_bgnd.gif-RGB][0m
[32mPASSED[0m r2e_tests/test_1.py::[1mtest_loading_multiple_palettes[Tests/images/dispose_bgnd_rgba.gif-RGBA][0m
[32mPASSED[0m r2e_tests/test_1.py::[1mtest_headers_saving_for_animated_gifs[0m
[32mPASSED[0m r2e_tests/test_1.py::[1mtest_palette_handling[0m
[32mPASSED[0m r2e_tests/test_1.py::[1mtest_palette_434[0m
[32mPASSED[0m r2e_tests/test_1.py::[1mtest_seek[0m
[32mPASSED[0m r2e_tests/test_1.py::[1mtest_seek_info[0m
[32mPASSED[0m r2e_tests/test_1.py::[1mtest_seek_rewind[0m
[32mPASSED[0m r2e_tests/test_1.py::[1mtest_n_frames[Tests/images/hopper.gif-1][0m
[32mPASSED[0m r2e_tests/test_1.py::[1mtest_n_frames[Tests/images/comment_after_last_frame.gif-2][0m
[32mPASSED[0m r2e_tests/test_1.py::[1mtest_n_frames[Tests/images/iss634.gif-42][0m
[32mPASSED[0m r2e_tests/test_1.py::[1mtest_no_change[0m
[32mPASSED[0m r2e_tests/test_1.py::[1mtest_eoferror[0m
[32mPASSED[0m r2e_tests/test_1.py::[1mtest_first_frame_transparency[0m
[32mPASSED[0m r2e_tests/test_1.py::[1mtest_dispose_none[0m
[32mPASSED[0m r2e_tests/test_1.py::[1mtest_dispose_none_load_end[0m
[32mPASSED[0m r2e_tests/test_1.py::[1mtest_dispose_background[0m
[32mPASSED[0m r2e_tests/test_1.py::[1mtest_dispose_background_transparency[0m
[32mPASSED[0m r2e_tests/test_1.py::[1mtest_transparent_dispose[LoadingStrategy.RGB_AFTER_FIRST-expected_colors0][0m
[32mPASSED[0m r2e_tests/test_1.py::[1mtest_transparent_dispose[LoadingStrategy.RGB_AFTER_DIFFERENT_PALETTE_ONLY-expected_colors1][0m
[32mPASSED[0m r2e_tests/test_1.py::[1mtest_dispose_previous[0m
[32mPASSED[0m r2e_tests/test_1.py::[1mtest_dispose_previous_first_frame[0m
[32mPASSED[0m r2e_tests/test_1.py::[1mtest_previous_frame_loaded[0m
[32mPASSED[0m r2e_tests/test_1.py::[1mtest_save_dispose[0m
[32mPASSED[0m r2e_tests/test_1.py::[1mtest_dispose2_palette[0m
[32mPASSED[0m r2e_tests/test_1.py::[1mtest_dispose2_background[0m
[32mPASSED[0m r2e_tests/test_1.py::[1mtest_dispose2_background_frame[0m
[32mPASSED[0m r2e_tests/test_1.py::[1mtest_no_transparency_in_second_frame[0m
[32mPASSED[0m r2e_tests/test_1.py::[1mtest_duration[0m
[32mPASSED[0m r2e_tests/test_1.py::[1mtest_multiple_duration[0m
[32mPASSED[0m r2e_tests/test_1.py::[1mtest_roundtrip_info_duration[0m
[32mPASSED[0m r2e_tests/test_1.py::[1mtest_roundtrip_info_duration_combined[0m
[32mPASSED[0m r2e_tests/test_1.py::[1mtest_identical_frames[0m
[32mPASSED[0m r2e_tests/test_1.py::[1mtest_identical_frames_to_single_frame[duration0][0m
[32mPASSED[0m r2e_tests/test_1.py::[1mtest_identical_frames_to_single_frame[duration1][0m
[32mPASSED[0m r2e_tests/test_1.py::[1mtest_identical_frames_to_single_frame[8500][0m
[32mPASSED[0m r2e_tests/test_1.py::[1mtest_number_of_loops[0m
[32mPASSED[0m r2e_tests/test_1.py::[1mtest_background[0m
[32mPASSED[0m r2e_tests/test_1.py::[1mtest_webp_background[0m
[32mPASSED[0m r2e_tests/test_1.py::[1mtest_comment[0m
[32mPASSED[0m r2e_tests/test_1.py::[1mtest_comment_over_255[0m
[32mPASSED[0m r2e_tests/test_1.py::[1mtest_zero_comment_subblocks[0m
[32mPASSED[0m r2e_tests/test_1.py::[1mtest_read_multiple_comment_blocks[0m
[32mPASSED[0m r2e_tests/test_1.py::[1mtest_empty_string_comment[0m
[32mPASSED[0m r2e_tests/test_1.py::[1mtest_retain_comment_in_subsequent_frames[0m
[32mPASSED[0m r2e_tests/test_1.py::[1mtest_version[0m
[32mPASSED[0m r2e_tests/test_1.py::[1mtest_append_images[0m
[32mPASSED[0m r2e_tests/test_1.py::[1mtest_bbox[0m
[32mPASSED[0m r2e_tests/test_1.py::[1mtest_bbox_alpha[0m
[32mPASSED[0m r2e_tests/test_1.py::[1mtest_palette_save_L[0m
[32mPASSED[0m r2e_tests/test_1.py::[1mtest_palette_save_P[0m
[32mPASSED[0m r2e_tests/test_1.py::[1mtest_palette_save_duplicate_entries[0m
[32mPASSED[0m r2e_tests/test_1.py::[1mtest_palette_save_all_P[0m
[32mPASSED[0m r2e_tests/test_1.py::[1mtest_palette_save_ImagePalette[0m
[32mPASSED[0m r2e_tests/test_1.py::[1mtest_save_I[0m
[32mPASSED[0m r2e_tests/test_1.py::[1mtest_getdata[0m
[32mPASSED[0m r2e_tests/test_1.py::[1mtest_lzw_bits[0m
[32mPASSED[0m r2e_tests/test_1.py::[1mtest_extents[0m
[32mPASSED[0m r2e_tests/test_1.py::[1mtest_missing_background[0m
[33mSKIPPED[0m [1] r2e_tests/test_1.py:347: Netpbm not available
[33mSKIPPED[0m [1] r2e_tests/test_1.py:358: Netpbm not available
[31mFAILED[0m r2e_tests/test_1.py::[1mtest_dispose2_diff[0m - assert (255, 255, 255, 255) == (255, 255, 255, 0)
[31mFAILED[0m r2e_tests/test_1.py::[1mtest_transparency_in_second_frame[0m - AssertionError: got mode 'RGB', expected 'RGBA'
[31mFAILED[0m r2e_tests/test_1.py::[1mtest_remapped_transparency[0m - KeyError: 'transparency'
[31mFAILED[0m r2e_tests/test_1.py::[1mtest_transparent_optimize[0m - KeyError: 'transparency'
[31mFAILED[0m r2e_tests/test_1.py::[1mtest_removed_transparency[0m - KeyError: 'transparency'
[31mFAILED[0m r2e_tests/test_1.py::[1mtest_rgb_transparency[0m - AssertionError: assert 'transparency' in {'background': 0, 'version': b'GIF...
[31mFAILED[0m r2e_tests/test_1.py::[1mtest_rgba_transparency[0m - AssertionError: got different content
[31mFAILED[0m r2e_tests/test_1.py::[1mtest_saving_rgba[0m - assert 255 == 0
[31m=================== [31m[1m8 failed[0m, [32m85 passed[0m, [33m2 skipped[0m[31m in 0.92s[0m[31m ====================[0m
