7ca1207903b97cfd6e90a180f227774d4ef631d62d3482fe48483a05d31cbe82  /testbed/r2e_tests/test_1.py
[1m============================= test session starts ==============================[0m
platform linux -- Python 3.9.21, pytest-8.3.4, pluggy-1.5.0
rootdir: /testbed
configfile: setup.cfg
plugins: cov-6.0.0
collected 95 items

r2e_tests/test_1.py [32m.[0m[32m.[0m[32m.[0m[32m.[0m[32m.[0m[32m.[0m[32m.[0m[32m.[0m[32m.[0m[32m.[0m[32m.[0m[32m.[0m[32m.[0m[32m.[0m[32m.[0m[32m.[0m[32m.[0m[32m.[0m[32m.[0m[32m.[0m[32m.[0m[32m.[0m[32m.[0m[32m.[0m[32m.[0m[32m.[0m[32m.[0m[32m.[0m[32m.[0m[32m.[0m[32m.[0m[33ms[0m[33ms[0m[32m.[0m[32m.[0m[32m.[0m[32m.[0m[32m.[0m[32m.[0m[32m.[0m[32m.[0m[32m.[0m[32m.[0m[32m.[0m[32m.[0m[32m.[0m[32m.[0m[32m.[0m[32m.[0m[32m.[0m[32m.[0m[32m.[0m[32m [ 54%]
[0m[32m.[0m[32m.[0m[32m.[0m[32m.[0m[32m.[0m[32m.[0m[32m.[0m[32m.[0m[32m.[0m[32m.[0m[32m.[0m[32m.[0m[32m.[0m[32m.[0m[32m.[0m[32m.[0m[32m.[0m[32m.[0m[32m.[0m[32m.[0m[32m.[0m[32m.[0m[32m.[0m[32m.[0m[32m.[0m[32m.[0m[32m.[0m[31mF[0m[32m.[0m[32m.[0m[32m.[0m[32m.[0m[32m.[0m[32m.[0m[32m.[0m[32m.[0m[32m.[0m[32m.[0m[32m.[0m[32m.[0m[32m.[0m[32m.[0m[32m.[0m[31m                              [100%][0m

=================================== FAILURES ===================================
[31m[1m__________________________ test_removed_transparency ___________________________[0m

tmp_path = PosixPath('/tmp/pytest-of-root/pytest-2/test_removed_transparency0')

    def test_removed_transparency(tmp_path):
        out = str(tmp_path / "temp.gif")
        im = Image.new("RGB", (256, 1))
    
        for x in range(256):
            im.putpixel((x, 0), (x, 0, 0))
    
        im.info["transparency"] = (255, 255, 255)
        im.save(out)
    
>       with Image.open(out) as reloaded:

[1m[31mr2e_tests/test_1.py[0m:1099: 
_ _ _ _ _ _ _ _ _ _ _ _ _ _ _ _ _ _ _ _ _ _ _ _ _ _ _ _ _ _ _ _ _ _ _ _ _ _ _ _ 

fp = <_io.BufferedReader name='/tmp/pytest-of-root/pytest-2/test_removed_transparency0/temp.gif'>
mode = 'r', formats = ['GIF', 'BMP', 'DIB', 'JPEG', 'PPM', 'PNG', ...]

    def open(fp, mode="r", formats=None):
        """
        Opens and identifies the given image file.
    
        This is a lazy operation; this function identifies the file, but
        the file remains open and the actual image data is not read from
        the file until you try to process the data (or call the
        :py:meth:`~PIL.Image.Image.load` method).  See
        :py:func:`~PIL.Image.new`. See :ref:`file-handling`.
    
        :param fp: A filename (string), pathlib.Path object or a file object.
           The file object must implement ``file.read``,
           ``file.seek``, and ``file.tell`` methods,
           and be opened in binary mode. The file object will also seek to zero
           before reading.
        :param mode: The mode.  If given, this argument must be "r".
        :param formats: A list or tuple of formats to attempt to load the file in.
           This can be used to restrict the set of formats checked.
           Pass ``None`` to try all supported formats. You can print the set of
           available formats by running ``python3 -m PIL`` or using
           the :py:func:`PIL.features.pilinfo` function.
        :returns: An :py:class:`~PIL.Image.Image` object.
        :exception FileNotFoundError: If the file cannot be found.
        :exception PIL.UnidentifiedImageError: If the image cannot be opened and
           identified.
        :exception ValueError: If the ``mode`` is not "r", or if a ``StringIO``
           instance is used for ``fp``.
        :exception TypeError: If ``formats`` is not ``None``, a list or a tuple.
        """
    
        if mode != "r":
            msg = f"bad mode {repr(mode)}"
            raise ValueError(msg)
        elif isinstance(fp, io.StringIO):
            msg = (
                "StringIO cannot be used to open an image. "
                "Binary data must be used instead."
            )
            raise ValueError(msg)
    
        if formats is None:
            formats = ID
        elif not isinstance(formats, (list, tuple)):
            msg = "formats must be a list or tuple"
            raise TypeError(msg)
    
        exclusive_fp = False
        filename = ""
        if isinstance(fp, Path):
            filename = str(fp.resolve())
        elif is_path(fp):
            filename = fp
    
        if filename:
            fp = builtins.open(filename, "rb")
            exclusive_fp = True
    
        try:
            fp.seek(0)
        except (AttributeError, io.UnsupportedOperation):
            fp = io.BytesIO(fp.read())
            exclusive_fp = True
    
        prefix = fp.read(16)
    
        preinit()
    
        accept_warnings = []
    
        def _open_core(fp, filename, prefix, formats):
            for i in formats:
                i = i.upper()
                if i not in OPEN:
                    init()
                try:
                    factory, accept = OPEN[i]
                    result = not accept or accept(prefix)
                    if type(result) in [str, bytes]:
                        accept_warnings.append(result)
                    elif result:
                        fp.seek(0)
                        im = factory(fp, filename)
                        _decompression_bomb_check(im.size)
                        return im
                except (SyntaxError, IndexError, TypeError, struct.error):
                    # Leave disabled by default, spams the logs with image
                    # opening failures that are entirely expected.
                    # logger.debug("", exc_info=True)
                    continue
                except BaseException:
                    if exclusive_fp:
                        fp.close()
                    raise
            return None
    
        im = _open_core(fp, filename, prefix, formats)
    
        if im is None and formats is ID:
            checked_formats = formats.copy()
            if init():
                im = _open_core(
                    fp,
                    filename,
                    prefix,
                    tuple(format for format in formats if format not in checked_formats),
                )
    
        if im:
            im._exclusive_fp = exclusive_fp
            return im
    
        if exclusive_fp:
            fp.close()
        for message in accept_warnings:
            warnings.warn(message)
        msg = "cannot identify image file %r" % (filename if filename else fp)
>       raise UnidentifiedImageError(msg)
[1m[31mE       PIL.UnidentifiedImageError: cannot identify image file '/tmp/pytest-of-root/pytest-2/test_removed_transparency0/temp.gif'[0m

[1m[31msrc/PIL/Image.py[0m:3280: UnidentifiedImageError
==================================== PASSES ====================================
[36m[1m=========================== short test summary info ============================[0m
[32mPASSED[0m r2e_tests/test_1.py::[1mtest_sanity[0m
[32mPASSED[0m r2e_tests/test_1.py::[1mtest_unclosed_file[0m
[32mPASSED[0m r2e_tests/test_1.py::[1mtest_closed_file[0m
[32mPASSED[0m r2e_tests/test_1.py::[1mtest_seek_after_close[0m
[32mPASSED[0m r2e_tests/test_1.py::[1mtest_context_manager[0m
[32mPASSED[0m r2e_tests/test_1.py::[1mtest_invalid_file[0m
[32mPASSED[0m r2e_tests/test_1.py::[1mtest_l_mode_transparency[0m
[32mPASSED[0m r2e_tests/test_1.py::[1mtest_l_mode_after_rgb[0m
[32mPASSED[0m r2e_tests/test_1.py::[1mtest_palette_not_needed_for_second_frame[0m
[32mPASSED[0m r2e_tests/test_1.py::[1mtest_strategy[0m
[32mPASSED[0m r2e_tests/test_1.py::[1mtest_optimize[0m
[32mPASSED[0m r2e_tests/test_1.py::[1mtest_optimize_correctness[256-511-256][0m
[32mPASSED[0m r2e_tests/test_1.py::[1mtest_optimize_correctness[255-511-255][0m
[32mPASSED[0m r2e_tests/test_1.py::[1mtest_optimize_correctness[129-511-129][0m
[32mPASSED[0m r2e_tests/test_1.py::[1mtest_optimize_correctness[128-511-128][0m
[32mPASSED[0m r2e_tests/test_1.py::[1mtest_optimize_correctness[64-511-64][0m
[32mPASSED[0m r2e_tests/test_1.py::[1mtest_optimize_correctness[4-511-4][0m
[32mPASSED[0m r2e_tests/test_1.py::[1mtest_optimize_correctness[128-513-256][0m
[32mPASSED[0m r2e_tests/test_1.py::[1mtest_optimize_correctness[64-513-256][0m
[32mPASSED[0m r2e_tests/test_1.py::[1mtest_optimize_correctness[4-513-256][0m
[32mPASSED[0m r2e_tests/test_1.py::[1mtest_optimize_full_l[0m
[32mPASSED[0m r2e_tests/test_1.py::[1mtest_optimize_if_palette_can_be_reduced_by_half[0m
[32mPASSED[0m r2e_tests/test_1.py::[1mtest_roundtrip[0m
[32mPASSED[0m r2e_tests/test_1.py::[1mtest_roundtrip2[0m
[32mPASSED[0m r2e_tests/test_1.py::[1mtest_roundtrip_save_all[0m
[32mPASSED[0m r2e_tests/test_1.py::[1mtest_roundtrip_save_all_1[0m
[32mPASSED[0m r2e_tests/test_1.py::[1mtest_loading_multiple_palettes[Tests/images/dispose_bgnd.gif-RGB][0m
[32mPASSED[0m r2e_tests/test_1.py::[1mtest_loading_multiple_palettes[Tests/images/dispose_bgnd_rgba.gif-RGBA][0m
[32mPASSED[0m r2e_tests/test_1.py::[1mtest_headers_saving_for_animated_gifs[0m
[32mPASSED[0m r2e_tests/test_1.py::[1mtest_palette_handling[0m
[32mPASSED[0m r2e_tests/test_1.py::[1mtest_palette_434[0m
[32mPASSED[0m r2e_tests/test_1.py::[1mtest_seek[0m
[32mPASSED[0m r2e_tests/test_1.py::[1mtest_seek_info[0m
[32mPASSED[0m r2e_tests/test_1.py::[1mtest_seek_rewind[0m
[32mPASSED[0m r2e_tests/test_1.py::[1mtest_n_frames[Tests/images/hopper.gif-1][0m
[32mPASSED[0m r2e_tests/test_1.py::[1mtest_n_frames[Tests/images/comment_after_last_frame.gif-2][0m
[32mPASSED[0m r2e_tests/test_1.py::[1mtest_n_frames[Tests/images/iss634.gif-42][0m
[32mPASSED[0m r2e_tests/test_1.py::[1mtest_no_change[0m
[32mPASSED[0m r2e_tests/test_1.py::[1mtest_eoferror[0m
[32mPASSED[0m r2e_tests/test_1.py::[1mtest_first_frame_transparency[0m
[32mPASSED[0m r2e_tests/test_1.py::[1mtest_dispose_none[0m
[32mPASSED[0m r2e_tests/test_1.py::[1mtest_dispose_none_load_end[0m
[32mPASSED[0m r2e_tests/test_1.py::[1mtest_dispose_background[0m
[32mPASSED[0m r2e_tests/test_1.py::[1mtest_dispose_background_transparency[0m
[32mPASSED[0m r2e_tests/test_1.py::[1mtest_transparent_dispose[LoadingStrategy.RGB_AFTER_FIRST-expected_colors0][0m
[32mPASSED[0m r2e_tests/test_1.py::[1mtest_transparent_dispose[LoadingStrategy.RGB_AFTER_DIFFERENT_PALETTE_ONLY-expected_colors1][0m
[32mPASSED[0m r2e_tests/test_1.py::[1mtest_dispose_previous[0m
[32mPASSED[0m r2e_tests/test_1.py::[1mtest_dispose_previous_first_frame[0m
[32mPASSED[0m r2e_tests/test_1.py::[1mtest_previous_frame_loaded[0m
[32mPASSED[0m r2e_tests/test_1.py::[1mtest_save_dispose[0m
[32mPASSED[0m r2e_tests/test_1.py::[1mtest_dispose2_palette[0m
[32mPASSED[0m r2e_tests/test_1.py::[1mtest_dispose2_diff[0m
[32mPASSED[0m r2e_tests/test_1.py::[1mtest_dispose2_background[0m
[32mPASSED[0m r2e_tests/test_1.py::[1mtest_dispose2_background_frame[0m
[32mPASSED[0m r2e_tests/test_1.py::[1mtest_transparency_in_second_frame[0m
[32mPASSED[0m r2e_tests/test_1.py::[1mtest_no_transparency_in_second_frame[0m
[32mPASSED[0m r2e_tests/test_1.py::[1mtest_remapped_transparency[0m
[32mPASSED[0m r2e_tests/test_1.py::[1mtest_duration[0m
[32mPASSED[0m r2e_tests/test_1.py::[1mtest_multiple_duration[0m
[32mPASSED[0m r2e_tests/test_1.py::[1mtest_roundtrip_info_duration[0m
[32mPASSED[0m r2e_tests/test_1.py::[1mtest_roundtrip_info_duration_combined[0m
[32mPASSED[0m r2e_tests/test_1.py::[1mtest_identical_frames[0m
[32mPASSED[0m r2e_tests/test_1.py::[1mtest_identical_frames_to_single_frame[duration0][0m
[32mPASSED[0m r2e_tests/test_1.py::[1mtest_identical_frames_to_single_frame[duration1][0m
[32mPASSED[0m r2e_tests/test_1.py::[1mtest_identical_frames_to_single_frame[8500][0m
[32mPASSED[0m r2e_tests/test_1.py::[1mtest_number_of_loops[0m
[32mPASSED[0m r2e_tests/test_1.py::[1mtest_background[0m
[32mPASSED[0m r2e_tests/test_1.py::[1mtest_webp_background[0m
[32mPASSED[0m r2e_tests/test_1.py::[1mtest_comment[0m
[32mPASSED[0m r2e_tests/test_1.py::[1mtest_comment_over_255[0m
[32mPASSED[0m r2e_tests/test_1.py::[1mtest_zero_comment_subblocks[0m
[32mPASSED[0m r2e_tests/test_1.py::[1mtest_read_multiple_comment_blocks[0m
[32mPASSED[0m r2e_tests/test_1.py::[1mtest_empty_string_comment[0m
[32mPASSED[0m r2e_tests/test_1.py::[1mtest_retain_comment_in_subsequent_frames[0m
[32mPASSED[0m r2e_tests/test_1.py::[1mtest_version[0m
[32mPASSED[0m r2e_tests/test_1.py::[1mtest_append_images[0m
[32mPASSED[0m r2e_tests/test_1.py::[1mtest_transparent_optimize[0m
[32mPASSED[0m r2e_tests/test_1.py::[1mtest_rgb_transparency[0m
[32mPASSED[0m r2e_tests/test_1.py::[1mtest_rgba_transparency[0m
[32mPASSED[0m r2e_tests/test_1.py::[1mtest_bbox[0m
[32mPASSED[0m r2e_tests/test_1.py::[1mtest_bbox_alpha[0m
[32mPASSED[0m r2e_tests/test_1.py::[1mtest_palette_save_L[0m
[32mPASSED[0m r2e_tests/test_1.py::[1mtest_palette_save_P[0m
[32mPASSED[0m r2e_tests/test_1.py::[1mtest_palette_save_duplicate_entries[0m
[32mPASSED[0m r2e_tests/test_1.py::[1mtest_palette_save_all_P[0m
[32mPASSED[0m r2e_tests/test_1.py::[1mtest_palette_save_ImagePalette[0m
[32mPASSED[0m r2e_tests/test_1.py::[1mtest_save_I[0m
[32mPASSED[0m r2e_tests/test_1.py::[1mtest_getdata[0m
[32mPASSED[0m r2e_tests/test_1.py::[1mtest_lzw_bits[0m
[32mPASSED[0m r2e_tests/test_1.py::[1mtest_extents[0m
[32mPASSED[0m r2e_tests/test_1.py::[1mtest_missing_background[0m
[32mPASSED[0m r2e_tests/test_1.py::[1mtest_saving_rgba[0m
[33mSKIPPED[0m [1] r2e_tests/test_1.py:347: Netpbm not available
[33mSKIPPED[0m [1] r2e_tests/test_1.py:358: Netpbm not available
[31mFAILED[0m r2e_tests/test_1.py::[1mtest_removed_transparency[0m - PIL.UnidentifiedImageError: cannot identify image file '/tmp/pytest-of-root...
[31m=================== [31m[1m1 failed[0m, [32m92 passed[0m, [33m2 skipped[0m[31m in 0.80s[0m[31m ====================[0m
