bringing up nodes...
bringing up nodes...

....sF..........                                                         [100%]
=================================== FAILURES ===================================
______________________ ExecTest.test_unencodable_filename ______________________
[gw0] linux -- Python 3.7.9 /testbed/.venv/bin/python

self = <r2e_tests.test_1.ExecTest testMethod=test_unencodable_filename>

        def test_unencodable_filename(self):
            # https://github.com/nedbat/coveragepy/issues/891
            if env.PYVERSION < (3, 0):
                self.skipTest("Python 2 can't seem to compile the file.")
            self.make_file("bug891.py", r"""exec(compile("pass", "\udcff.py", "exec"))""")
            cov = coverage.Coverage()
            self.start_import_stop(cov, "bug891")
            # Saving would fail trying to encode \udcff.py
            cov.save()
            files = [os.path.basename(f) for f in cov.get_data().measured_files()]
            assert "bug891.py" in files
    
            # The same holds with branch coverage, for other unencodable names, and names that
            # can be encoded (non-ASCII included) are still measured, also when they come after
            # an unencodable one.
            self.make_file("bug891b.py", r"""
    exec(compile("pass", "\udc80\udc81_other.py", "exec"))
    exec(compile("pass", "caf\xe9_\u4e2d.py", "exec"))
    """)
            cov = coverage.Coverage(branch=True)
            self.start_import_stop(cov, "bug891b")
>           cov.save()

r2e_tests/test_1.py:587: 
_ _ _ _ _ _ _ _ _ _ _ _ _ _ _ _ _ _ _ _ _ _ _ _ _ _ _ _ _ _ _ _ _ _ _ _ _ _ _ _ 
coverage/control.py:642: in save
    data = self.get_data()
coverage/control.py:696: in get_data
    if self._collector and self._collector.flush_data():
coverage/collector.py:423: in flush_data
    self.covdata.add_arcs(self.mapped_file_dict(self.data))
coverage/sqldata.py:476: in add_arcs
    file_id = self._file_id(filename, add=True)
coverage/sqldata.py:367: in _file_id
    cur = con.execute("insert or replace into file (path) values (?)", (filename,))
_ _ _ _ _ _ _ _ _ _ _ _ _ _ _ _ _ _ _ _ _ _ _ _ _ _ _ _ _ _ _ _ _ _ _ _ _ _ _ _ 

self = <SqliteDb @0x7f3ef44598d0 debug=None filename='/tmp/coverage_test/r2e_tests_test_1_ExecTest_test_unencodable_filename_32815155/.coverage' nest=0 con=None>
sql = 'insert or replace into file (path) values (?)'
parameters = ('/tmp/coverage_test/r2e_tests_test_1_ExecTest_test_unencodable_filename_32815155/\udc80\udc81_other.py',)

    def execute(self, sql, parameters=()):
        """Same as :meth:`python:sqlite3.Connection.execute`."""
        if self.debug:
            tail = " with {!r}".format(parameters) if parameters else ""
            self.debug.write("Executing {!r}{}".format(sql, tail))
        try:
>           return self.con.execute(sql, parameters)
E           UnicodeEncodeError: 'utf-8' codec can't encode characters in position 80-81: surrogates not allowed

coverage/sqldata.py:1034: UnicodeEncodeError
==================================== PASSES ====================================
______________________ GettraceTest.test_atexit_gettrace _______________________
[gw0] linux -- Python 3.7.9 /testbed/.venv/bin/python
----------------------------- Captured stdout call -----------------------------
trace_function

_________________ GettraceTest.test_setting_new_trace_function _________________
[gw1] linux -- Python 3.7.9 /testbed/.venv/bin/python
----------------------------- Captured stdout call -----------------------------
call: coverage_test_42065827437391046.py @ 10
line: coverage_test_42065827437391046.py @ 11
line: coverage_test_42065827437391046.py @ 12
return: coverage_test_42065827437391046.py @ 12
______________ GettraceTest.test_round_trip_in_untraced_function _______________
[gw0] linux -- Python 3.7.9 /testbed/.venv/bin/python
----------------------------- Captured stdout call -----------------------------
10
7
3
5
9
12
________________________ ExecTest.test_correct_filename ________________________
[gw1] linux -- Python 3.7.9 /testbed/.venv/bin/python
----------------------------- Captured stdout call -----------------------------
var is 17
done
__________________ MockingProtectionTest.test_os_path_exists ___________________
[gw0] linux -- Python 3.7.9 /testbed/.venv/bin/python
----------------------------- Captured stdout call -----------------------------
in test
bug416a.py
23
17

=========================== short test summary info ============================
PASSED r2e_tests/test_1.py::ThreadingTest::test_threading
PASSED r2e_tests/test_1.py::ThreadingTest::test_thread_run
PASSED r2e_tests/test_1.py::RecursionTest::test_short_recursion
PASSED r2e_tests/test_1.py::RecursionTest::test_long_recursion_recovery
PASSED r2e_tests/test_1.py::RecursionTest::test_long_recursion
PASSED r2e_tests/test_1.py::ExceptionTest::test_exception
PASSED r2e_tests/test_1.py::DoctestTest::test_doctest
PASSED r2e_tests/test_1.py::GettraceTest::test_atexit_gettrace
PASSED r2e_tests/test_1.py::GettraceTest::test_setting_new_trace_function
PASSED r2e_tests/test_1.py::GettraceTest::test_round_trip_in_untraced_function
PASSED r2e_tests/test_1.py::ExecTest::test_correct_filename
PASSED r2e_tests/test_1.py::MockingProtectionTest::test_os_path_exists
PASSED r2e_tests/test_1.py::MemoryLeakTest::test_for_leaks
PASSED r2e_tests/test_1.py::PyexpatTest::test_pyexpat
SKIPPED [1] r2e_tests/test_1.py:199: This is too expensive for now (30s)
FAILED r2e_tests/test_1.py::ExecTest::test_unencodable_filename - UnicodeEnco...
1 failed, 14 passed, 1 skipped in 1.16 seconds
