{"cand": "base", "wall_s": 15.5, "rc": 0, "stderr_tail": ""}
{"cand": "gold", "wall_s": 12.9, "rc": 0, "stderr_tail": ""}
{"cand": "A1", "wall_s": 14.4, "rc": 0, "stderr_tail": ""}
{"cand": "C1", "wall_s": 14.1, "rc": 0, "stderr_tail": ""}
{"cand": "C1swap", "wall_s": 15.5, "rc": 0, "stderr_tail": ""}
{"cand": "C2", "wall_s": 15.0, "rc": 0, "stderr_tail": ""}
{"cand": "C3", "wall_s": 12.9, "rc": 0, "stderr_tail": ""}
{"cand": "D0", "wall_s": 15.2, "rc": 0, "stderr_tail": ""}
{"cand": "W2", "wall_s": 13.6, "rc": 0, "stderr_tail": ""}
{"cand": "LF", "wall_s": 18.0, "rc": 0, "stderr_tail": ""}
{"cand": "FC", "wall_s": 16.5, "rc": 0, "stderr_tail": ""}
{"cand": "NB", "wall_s": 13.1, "rc": 0, "stderr_tail": ""}
{"cand": "LM", "wall_s": 15.3, "rc": 0, "stderr_tail": ""}
{"cand": "XP", "wall_s": 13.0, "rc": 0, "stderr_tail": ""}
base h0_orig 0.0 ['JsonReportTest.test_branch_coverage'] []
base h1_v8rc 0.0 ['JsonReportTest.test_branch_coverage', 'JsonReportTest.test_branch_totals_count_branch_arcs', 'JsonReportTest.test_branch_totals_from_saved_branch_data'] []
base h2_histrb 0.0 ['JsonReportTest.test_branch_coverage', 'JsonReportTest.test_branch_totals_count_branch_arcs', 'JsonReportTest.test_branch_totals_from_saved_branch_data'] []
base h3_rc2 0.0 ['JsonReportTest.test_branch_coverage', 'JsonReportTest.test_branch_totals_add_up_across_files', 'JsonReportTest.test_branch_totals_count_branch_arcs', 'JsonReportTest.test_branch_totals_from_saved_branch_data'] []
base h4_rb2 0.0 ['JsonReportTest.test_branch_coverage', 'JsonReportTest.test_branch_totals_add_up_across_files', 'JsonReportTest.test_branch_totals_count_branch_arcs', 'JsonReportTest.test_branch_totals_from_saved_branch_data'] []
base h3u_rc2 0.0 ['JsonReportTest.test_branch_coverage', 'JsonReportTest.test_branch_totals_add_up_across_files', 'JsonReportTest.test_branch_totals_count_branch_arcs', 'JsonReportTest.test_branch_totals_from_saved_branch_data'] []
base h4u_rb2 0.0 ['JsonReportTest.test_branch_coverage', 'JsonReportTest.test_branch_totals_add_up_across_files', 'JsonReportTest.test_branch_totals_count_branch_arcs', 'JsonReportTest.test_branch_totals_from_saved_branch_data'] []
gold h0_orig 1.0 [] []
gold h1_v8rc 1.0 [] []
gold h2_histrb 1.0 [] []
gold h3_rc2 1.0 [] []
gold h4_rb2 1.0 [] []
gold h3u_rc2 1.0 [] []
gold h4u_rb2 1.0 [] []
A1 h0_orig 1.0 [] []
A1 h1_v8rc 1.0 [] []
A1 h2_histrb 1.0 [] []
A1 h3_rc2 1.0 [] []
A1 h4_rb2 1.0 [] []
A1 h3u_rc2 1.0 [] []
A1 h4u_rb2 1.0 [] []
C1 h0_orig 0.0 ['JsonReportTest.test_branch_coverage'] []
C1 h1_v8rc 0.0 ['JsonReportTest.test_branch_coverage'] []
C1 h2_histrb 1.0 [] []
C1 h3_rc2 0.0 ['JsonReportTest.test_branch_coverage'] []
C1 h4_rb2 1.0 [] []
C1 h3u_rc2 0.0 ['JsonReportTest.test_branch_coverage'] []
C1 h4u_rb2 1.0 [] []
C1swap h0_orig 0.0 ['JsonReportTest.test_branch_coverage'] []
C1swap h1_v8rc 0.0 ['JsonReportTest.test_branch_coverage'] []
C1swap h2_histrb 0.0 ['JsonReportTest.test_branch_totals_count_branch_arcs'] []
C1swap h3_rc2 0.0 ['JsonReportTest.test_branch_coverage'] []
C1swap h4_rb2 0.0 ['JsonReportTest.test_branch_totals_add_up_across_files', 'JsonReportTest.test_branch_totals_count_branch_arcs'] []
C1swap h3u_rc2 0.0 ['JsonReportTest.test_branch_coverage'] []
C1swap h4u_rb2 0.0 ['JsonReportTest.test_branch_totals_add_up_across_files', 'JsonReportTest.test_branch_totals_count_branch_arcs'] []
C2 h0_orig 1.0 [] []
C2 h1_v8rc 0.0 ['JsonReportTest.test_branch_totals_count_branch_arcs', 'JsonReportTest.test_branch_totals_from_saved_branch_data'] []
C2 h2_histrb 0.0 ['JsonReportTest.test_branch_totals_count_branch_arcs', 'JsonReportTest.test_branch_totals_from_saved_branch_data'] []
C2 h3_rc2 0.0 ['JsonReportTest.test_branch_totals_add_up_across_files', 'JsonReportTest.test_branch_totals_count_branch_arcs', 'JsonReportTest.test_branch_totals_from_saved_branch_data'] []
C2 h4_rb2 0.0 ['JsonReportTest.test_branch_totals_add_up_across_files', 'JsonReportTest.test_branch_totals_count_branch_arcs', 'JsonReportTest.test_branch_totals_from_saved_branch_data'] []
C2 h3u_rc2 0.0 ['JsonReportTest.test_branch_totals_add_up_across_files', 'JsonReportTest.test_branch_totals_count_branch_arcs', 'JsonReportTest.test_branch_totals_from_saved_branch_data'] []
C2 h4u_rb2 0.0 ['JsonReportTest.test_branch_totals_add_up_across_files', 'JsonReportTest.test_branch_totals_count_branch_arcs', 'JsonReportTest.test_branch_totals_from_saved_branch_data'] []
C3 h0_orig 1.0 [] []
C3 h1_v8rc 0.0 ['JsonReportTest.test_branch_totals_from_saved_branch_data'] []
C3 h2_histrb 0.0 ['JsonReportTest.test_branch_totals_from_saved_branch_data'] []
C3 h3_rc2 0.0 ['JsonReportTest.test_branch_totals_from_saved_branch_data'] []
C3 h4_rb2 0.0 ['JsonReportTest.test_branch_totals_from_saved_branch_data'] []
C3 h3u_rc2 0.0 ['JsonReportTest.test_branch_totals_from_saved_branch_data'] []
C3 h4u_rb2 0.0 ['JsonReportTest.test_branch_totals_from_saved_branch_data'] []
D0 h0_orig 1.0 [] []
D0 h1_v8rc 0.0 ['JsonReportTest.test_branch_totals_count_branch_arcs', 'JsonReportTest.test_branch_totals_from_saved_branch_data'] []
D0 h2_histrb 0.0 ['JsonReportTest.test_branch_totals_count_branch_arcs', 'JsonReportTest.test_branch_totals_from_saved_branch_data'] []
D0 h3_rc2 0.0 ['JsonReportTest.test_branch_totals_add_up_across_files', 'JsonReportTest.test_branch_totals_count_branch_arcs', 'JsonReportTest.test_branch_totals_from_saved_branch_data'] []
D0 h4_rb2 0.0 ['JsonReportTest.test_branch_totals_add_up_across_files', 'JsonReportTest.test_branch_totals_count_branch_arcs', 'JsonReportTest.test_branch_totals_from_saved_branch_data'] []
D0 h3u_rc2 0.0 ['JsonReportTest.test_branch_totals_add_up_across_files', 'JsonReportTest.test_branch_totals_count_branch_arcs', 'JsonReportTest.test_branch_totals_from_saved_branch_data'] []
D0 h4u_rb2 0.0 ['JsonReportTest.test_branch_totals_add_up_across_files', 'JsonReportTest.test_branch_totals_count_branch_arcs', 'JsonReportTest.test_branch_totals_from_saved_branch_data'] []
W2 h0_orig 1.0 [] []
W2 h1_v8rc 0.0 ['JsonReportTest.test_branch_totals_count_branch_arcs', 'JsonReportTest.test_branch_totals_from_saved_branch_data'] []
W2 h2_histrb 0.0 ['JsonReportTest.test_branch_totals_count_branch_arcs', 'JsonReportTest.test_branch_totals_from_saved_branch_data'] []
W2 h3_rc2 0.0 ['JsonReportTest.test_branch_totals_add_up_across_files', 'JsonReportTest.test_branch_totals_count_branch_arcs', 'JsonReportTest.test_branch_totals_from_saved_branch_data'] []
W2 h4_rb2 0.0 ['JsonReportTest.test_branch_totals_add_up_across_files', 'JsonReportTest.test_branch_totals_count_branch_arcs', 'JsonReportTest.test_branch_totals_from_saved_branch_data'] []
W2 h3u_rc2 0.0 ['JsonReportTest.test_branch_totals_add_up_across_files', 'JsonReportTest.test_branch_totals_count_branch_arcs', 'JsonReportTest.test_branch_totals_from_saved_branch_data'] []
W2 h4u_rb2 0.0 ['JsonReportTest.test_branch_totals_add_up_across_files', 'JsonReportTest.test_branch_totals_count_branch_arcs', 'JsonReportTest.test_branch_totals_from_saved_branch_data'] []
LF h0_orig 1.0 [] []
LF h1_v8rc 1.0 [] []
LF h2_histrb 1.0 [] []
LF h3_rc2 0.0 ['JsonReportTest.test_branch_totals_add_up_across_files'] []
LF h4_rb2 0.0 ['JsonReportTest.test_branch_totals_add_up_across_files'] []
LF h3u_rc2 0.0 ['JsonReportTest.test_branch_totals_add_up_across_files'] []
LF h4u_rb2 0.0 ['JsonReportTest.test_branch_totals_add_up_across_files'] []
FC h0_orig 0.0 ['JsonReportTest.test_branch_coverage'] []
FC h1_v8rc 0.0 ['JsonReportTest.test_branch_coverage'] []
FC h2_histrb 1.0 [] []
FC h3_rc2 0.0 ['JsonReportTest.test_branch_coverage'] []
FC h4_rb2 0.0 ['JsonReportTest.test_branch_totals_add_up_across_files'] []
FC h3u_rc2 0.0 ['JsonReportTest.test_branch_coverage'] []
FC h4u_rb2 0.0 ['JsonReportTest.test_branch_totals_add_up_across_files'] []
NB h0_orig 1.0 [] []
NB h1_v8rc 1.0 [] []
NB h2_histrb 1.0 [] []
NB h3_rc2 1.0 [] []
NB h4_rb2 1.0 [] []
NB h3u_rc2 1.0 [] []
NB h4u_rb2 1.0 [] []
LM h0_orig 0.0 ['JsonReportTest.test_context_non_relative', 'JsonReportTest.test_context_relative', 'JsonReportTest.test_simple_line_coverage'] []
LM h1_v8rc 0.0 ['JsonReportTest.test_context_non_relative', 'JsonReportTest.test_context_relative', 'JsonReportTest.test_simple_line_coverage'] []
LM h2_histrb 0.0 ['JsonReportTest.test_context_non_relative', 'JsonReportTest.test_context_relative', 'JsonReportTest.test_simple_line_coverage'] []
LM h3_rc2 0.0 ['JsonReportTest.test_context_non_relative', 'JsonReportTest.test_context_relative', 'JsonReportTest.test_simple_line_coverage'] []
LM h4_rb2 0.0 ['JsonReportTest.test_context_non_relative', 'JsonReportTest.test_context_relative', 'JsonReportTest.test_simple_line_coverage'] []
LM h3u_rc2 0.0 ['JsonReportTest.test_context_non_relative', 'JsonReportTest.test_context_relative', 'JsonReportTest.test_simple_line_coverage'] []
LM h4u_rb2 0.0 ['JsonReportTest.test_context_non_relative', 'JsonReportTest.test_context_relative', 'JsonReportTest.test_simple_line_coverage'] []
XP h0_orig 0.0 ['JsonReportTest.test_branch_coverage'] []
XP h1_v8rc 0.0 ['JsonReportTest.test_branch_coverage'] []
XP h2_histrb 0.0 ['JsonReportTest.test_branch_coverage'] []
XP h3_rc2 0.0 ['JsonReportTest.test_branch_coverage'] []
XP h4_rb2 0.0 ['JsonReportTest.test_branch_coverage'] []
XP h3u_rc2 0.0 ['JsonReportTest.test_branch_coverage'] []
XP h4u_rb2 0.0 ['JsonReportTest.test_branch_coverage'] []
