{"cand": "gold", "wall_s": 4.2, "rc": 0, "stderr_tail": ""}
{"cand": "alt_typeerror", "wall_s": 5.0, "rc": 0, "stderr_tail": ""}
{"cand": "alt_frame", "wall_s": 5.0, "rc": 0, "stderr_tail": ""}
{"cand": "alt_integral", "wall_s": 4.5, "rc": 0, "stderr_tail": ""}
{"cand": "deg_off", "wall_s": 5.0, "rc": 0, "stderr_tail": ""}
{"cand": "w_literal", "wall_s": 4.4, "rc": 0, "stderr_tail": ""}
{"cand": "w_count256", "wall_s": 4.1, "rc": 0, "stderr_tail": ""}
{"cand": "w_drop_full", "wall_s": 4.3, "rc": 0, "stderr_tail": ""}
{"cand": "w_silent", "wall_s": 4.5, "rc": 0, "stderr_tail": ""}
{"cand": "w_mutate", "wall_s": 4.7, "rc": 0, "stderr_tail": ""}
{"cand": "w_swallow_save", "wall_s": 4.7, "rc": 0, "stderr_tail": ""}
{"cand": "w_keep_trns", "wall_s": 4.8, "rc": 0, "stderr_tail": ""}
{"cand": "w_imout", "wall_s": 4.9, "rc": 0, "stderr_tail": ""}
{"variant": "gold", "h0_orig": 1.0}
{"variant": "alt_typeerror", "h0_orig": 1.0}
{"variant": "alt_frame", "h0_orig": 1.0}
{"variant": "alt_integral", "h0_orig": 1.0}
{"variant": "deg_off", "h0_orig": 0.0}
{"variant": "w_literal", "h0_orig": 1.0}
{"variant": "w_count256", "h0_orig": 1.0}
{"variant": "w_drop_full", "h0_orig": 1.0}
{"variant": "w_silent", "h0_orig": 0.0}
{"variant": "w_mutate", "h0_orig": 1.0}
{"variant": "w_swallow_save", "h0_orig": 0.0}
{"variant": "w_keep_trns", "h0_orig": 0.0}
{"variant": "w_imout", "h0_orig": 0.0}
