{
 "stmt_trns=None": {
  "same_palette": true,
  "py_mode": "RGBA",
  "c_mode": "RGBA",
  "trns": null,
  "rgba_equal": true
 },
 "small_trns=None": {
  "data": [
   0,
   1,
   2,
   3
  ],
  "pal16": [
   255,
   0,
   0,
   255,
   0,
   255,
   0,
   128,
   0,
   0,
   255,
   255,
   10,
   20,
   30,
   0
  ],
  "trns": null
 },
 "stmt_trns=0": "EXC ValueError: invalid palette size",
 "small_trns=0": "EXC ValueError: invalid palette size",
 "stmt_trns=3": "EXC ValueError: invalid palette size",
 "small_trns=3": "EXC ValueError: invalid palette size",
 "small_trns=3_swap": "EXC ValueError: invalid palette size",
 "gif_rgba_mode_none": {
  "rgb": [
   [
    255,
    0,
    0
   ],
   [
    0,
    255,
    0
   ],
   [
    0,
    0,
    255
   ],
   [
    10,
    20,
    30
   ]
  ]
 },
 "gif_rgba_mode_pal": "EXC ValueError: invalid palette size",
 "gif_hopper_rgba_none": {
  "size": [
   128,
   128
  ],
  "mode": "P"
 },
 "gif_hopper_rgba_pal": "EXC ValueError: invalid palette size",
 "quantize_then_trns": "EXC ValueError: invalid palette size"
}
