{
  "cache_cases": 8,
  "namespace": {
    "real_phases": [
      "census",
      "normalization"
    ],
    "noop_artifact_entries": 0,
    "fixture_report_outcome": "resolved",
    "report_limit": "评分测试输出由维护 FakeDocker 提供；Git 状态与删除是本机真实结果",
    "baseline_omitted": {
      "dirs": 2,
      "files": 2
    },
    "scoreable_entries_equal": true,
    "excluded_digest_before": "sha256:404a9a48b59506bf6842a1bf5c0f4e7e16e5d2d2a4e37f0361f274c46336f0f5",
    "excluded_digest_after": "sha256:404a9a48b59506bf6842a1bf5c0f4e7e16e5d2d2a4e37f0361f274c46336f0f5",
    "manifest_digest_equal_after_normalization": true,
    "head_before_rc": 0,
    "head_after_rc": 0,
    "head_after_stderr": "",
    "active_branch_deleted": false,
    "harness_private_file_deleted": false,
    "regular_same_name_preserved": true,
    "symlinks_not_followed": true,
    "outside_sentinel_preserved": true,
    "local_alternative": {
      "script": "find . -mindepth 1 \\( -path ./.git -o -path ./.harness \\) -prune -o -type d \\( -name .pytest_cache -o -name __pycache__ \\) -prune -exec rm -rf -- {} +",
      "rc": 0,
      "active_head_preserved": true,
      "all_manifest_identity_preserved": true,
      "scoreable_caches_still_removed": true,
      "production_source_modified": false
    }
  },
  "conflict_cases": 4
}
