WARNING:root:deep_ep is not installed, some functionalities may be limited.
WARNING:miles_plugins.megatron_bridge:miles bridge shim _install_bridge_pp_group_unwrap not applied: No module named 'megatron'
WARNING:miles_plugins.megatron_bridge.nemotron_h:miles nemotron_h shim _build_bridge_subclass not applied: No module named 'megatron'
{
  "r1_bad": {
    "reports": [
      {
        "trajectory_id": "miles_g0_m0",
        "outcome": "resolved",
        "category": null,
        "reward": 1.0
      },
      {
        "trajectory_id": "miles_g0_m1",
        "outcome": "failed_to_grade",
        "category": "test_log_parse_failed",
        "reward": null
      }
    ],
    "group_buffered": false,
    "raw_reward": null
  },
  "r1_clean_same_log": {
    "reports": [
      {
        "trajectory_id": "miles_g0_m0",
        "outcome": "resolved",
        "category": null,
        "reward": 1.0
      },
      {
        "trajectory_id": "miles_g0_m1",
        "outcome": "failed_to_grade",
        "category": "test_log_parse_failed",
        "reward": null
      }
    ],
    "group_buffered": false,
    "raw_reward": null
  },
  "r4_simple": {
    "reports": [
      {
        "trajectory_id": "miles_g0_m0",
        "outcome": "resolved",
        "category": null,
        "reward": 1.0
      },
      {
        "trajectory_id": "miles_g0_m1",
        "outcome": "unresolved",
        "category": "tests_failed",
        "reward": 0.0
      }
    ],
    "group_buffered": true,
    "raw_reward": [
      1.0,
      0.0
    ]
  },
  "r4_nested": {
    "reports": [
      {
        "trajectory_id": "miles_g0_m0",
        "outcome": "resolved",
        "category": null,
        "reward": 1.0
      },
      {
        "trajectory_id": "miles_g0_m1",
        "outcome": "unresolved",
        "category": "tests_failed",
        "reward": 0.0
      }
    ],
    "group_buffered": true,
    "raw_reward": [
      1.0,
      0.0
    ]
  }
}
