{
  "old_r1_unrelated/grade": {
    "category": "test_log_parse_failed",
    "reward": null,
    "decision": "unattributed"
  },
  "r1_path_in_argument_not_exception_location/bad": {
    "category": "test_log_parse_failed",
    "reward": null,
    "decision": "unattributed"
  },
  "r1_path_in_argument_not_exception_location/clean_same_log": {
    "category": "test_log_parse_failed",
    "reward": null,
    "decision": "unattributed"
  },
  "r3_termination_matrix/known_zero": {
    "category": "candidate_execution_failed",
    "reward": 0.0,
    "decision": "candidate"
  },
  "r3_termination_matrix/pids_event_only": {
    "category": "infra_failure",
    "reward": null,
    "decision": "resource"
  },
  "r3_termination_matrix/oom_positive": {
    "category": "infra_failure",
    "reward": null,
    "decision": "resource"
  },
  "r3_termination_matrix/all_unknown": {
    "category": "test_log_parse_failed",
    "reward": null,
    "decision": "unattributed"
  },
  "r3_termination_matrix/test_rc_unknown": {
    "category": "test_log_parse_failed",
    "reward": null,
    "decision": "unattributed"
  },
  "r1_startup_positive/grade": {
    "category": "candidate_execution_failed",
    "reward": 0.0,
    "decision": "candidate"
  },
  "old_r4_completed/grade": {
    "category": "tests_failed",
    "reward": 0.0,
    "decision": "source_rule"
  },
  "r4_completed_nested_traceback/all_refs_missing": {
    "category": "tests_failed",
    "reward": 0.0,
    "decision": "source_rule"
  },
  "r4_completed_nested_traceback/one_reference_present": {
    "category": "tests_failed",
    "reward": 0.0,
    "decision": null
  },
  "r4_completed_nested_traceback/one_reference_present_and_pids_event": {
    "category": "tests_failed",
    "reward": 0.0,
    "decision": null
  }
}
