{"cand": "base", "wall_s": 14.9, "rc": 0, "stderr_tail": ""}
{"cand": "gold", "wall_s": 11.5, "rc": 0, "stderr_tail": ""}
{"cand": "alt_typeerror", "wall_s": 12.0, "rc": 0, "stderr_tail": ""}
{"cand": "alt_frame", "wall_s": 15.4, "rc": 0, "stderr_tail": ""}
{"cand": "alt_integral", "wall_s": 12.7, "rc": 0, "stderr_tail": ""}
{"cand": "q_prestrip", "wall_s": 13.1, "rc": 0, "stderr_tail": ""}
{"cand": "deg_off", "wall_s": 13.3, "rc": 0, "stderr_tail": ""}
{"cand": "w_literal", "wall_s": 13.8, "rc": 0, "stderr_tail": ""}
{"cand": "w_count256", "wall_s": 12.6, "rc": 0, "stderr_tail": ""}
{"cand": "w_drop_full", "wall_s": 12.8, "rc": 0, "stderr_tail": ""}
{"cand": "w_drop_big", "wall_s": 12.9, "rc": 0, "stderr_tail": ""}
{"cand": "w_silent", "wall_s": 13.0, "rc": 0, "stderr_tail": ""}
{"cand": "w_mutate", "wall_s": 12.4, "rc": 0, "stderr_tail": ""}
{"cand": "w_swallow_save", "wall_s": 13.4, "rc": 0, "stderr_tail": ""}
{"cand": "w_keep_trns", "wall_s": 14.5, "rc": 0, "stderr_tail": ""}
{"cand": "w_nearest", "wall_s": 12.3, "rc": 0, "stderr_tail": ""}
{"cand": "w_imout", "wall_s": 13.3, "rc": 0, "stderr_tail": ""}
{"variant": "base", "h0_orig": 0.0, "h1_rev1": 0.0, "h2_rev1_nowarn": 0.0, "h1u_rev1": 0.0}
{"variant": "gold", "h0_orig": 1.0, "h1_rev1": 1.0, "h2_rev1_nowarn": 1.0, "h1u_rev1": 1.0}
{"variant": "alt_typeerror", "h0_orig": 1.0, "h1_rev1": 1.0, "h2_rev1_nowarn": 1.0, "h1u_rev1": 1.0}
{"variant": "alt_frame", "h0_orig": 1.0, "h1_rev1": 1.0, "h2_rev1_nowarn": 1.0, "h1u_rev1": 1.0}
{"variant": "alt_integral", "h0_orig": 1.0, "h1_rev1": 1.0, "h2_rev1_nowarn": 1.0, "h1u_rev1": 1.0}
{"variant": "q_prestrip", "h0_orig": 0.0, "h1_rev1": 0.0, "h2_rev1_nowarn": 1.0, "h1u_rev1": 0.0}
{"variant": "deg_off", "h0_orig": 0.0, "h1_rev1": 0.0, "h2_rev1_nowarn": 0.0, "h1u_rev1": 0.0}
{"variant": "w_literal", "h0_orig": 1.0, "h1_rev1": 0.0, "h2_rev1_nowarn": 0.0, "h1u_rev1": 0.0}
{"variant": "w_count256", "h0_orig": 1.0, "h1_rev1": 0.0, "h2_rev1_nowarn": 0.0, "h1u_rev1": 0.0}
{"variant": "w_drop_full", "h0_orig": 1.0, "h1_rev1": 0.0, "h2_rev1_nowarn": 0.0, "h1u_rev1": 0.0}
{"variant": "w_drop_big", "h0_orig": 1.0, "h1_rev1": 0.0, "h2_rev1_nowarn": 0.0, "h1u_rev1": 0.0}
{"variant": "w_silent", "h0_orig": 0.0, "h1_rev1": 0.0, "h2_rev1_nowarn": 0.0, "h1u_rev1": 0.0}
{"variant": "w_mutate", "h0_orig": 1.0, "h1_rev1": 0.0, "h2_rev1_nowarn": 0.0, "h1u_rev1": 0.0}
{"variant": "w_swallow_save", "h0_orig": 0.0, "h1_rev1": 0.0, "h2_rev1_nowarn": 0.0, "h1u_rev1": 0.0}
{"variant": "w_keep_trns", "h0_orig": 0.0, "h1_rev1": 0.0, "h2_rev1_nowarn": 0.0, "h1u_rev1": 0.0}
{"variant": "w_nearest", "h0_orig": 0.0, "h1_rev1": 0.0, "h2_rev1_nowarn": 0.0, "h1u_rev1": 0.0}
{"variant": "w_imout", "h0_orig": 0.0, "h1_rev1": 0.0, "h2_rev1_nowarn": 0.0, "h1u_rev1": 0.0}
