{"cand": "w_literal", "wall_s": 9.5, "rc": 0, "stderr_tail": ""}
{"cand": "w_count256", "wall_s": 9.0, "rc": 0, "stderr_tail": ""}
{"cand": "w_notin_image", "wall_s": 9.7, "rc": 0, "stderr_tail": ""}
{"cand": "w_drop_full", "wall_s": 8.8, "rc": 0, "stderr_tail": ""}
{"cand": "w_drop_big", "wall_s": 9.0, "rc": 0, "stderr_tail": ""}
{"cand": "w_mutate", "wall_s": 8.9, "rc": 0, "stderr_tail": ""}
{"cand": "w_convert_mutate", "wall_s": 9.3, "rc": 0, "stderr_tail": ""}
{"cand": "deg_off", "wall_s": 9.4, "rc": 0, "stderr_tail": ""}
{"cand": "w_silent", "wall_s": 9.3, "rc": 0, "stderr_tail": ""}
{"cand": "w_swallow_save", "wall_s": 10.0, "rc": 0, "stderr_tail": ""}
{"cand": "w_keep_trns", "wall_s": 9.2, "rc": 0, "stderr_tail": ""}
{"cand": "w_nearest", "wall_s": 8.8, "rc": 0, "stderr_tail": ""}
{"cand": "w_imout", "wall_s": 9.5, "rc": 0, "stderr_tail": ""}
{"variant": "w_literal", "h0_orig": 1.0, "h1_rev1": 0.0, "h2_nowarn": 0.0, "h4_rv2": 0.0, "h5_rv2_nowarn": 0.0}
{"variant": "w_count256", "h0_orig": 1.0, "h1_rev1": 0.0, "h2_nowarn": 0.0, "h4_rv2": 0.0, "h5_rv2_nowarn": 0.0}
{"variant": "w_notin_image", "h0_orig": 1.0, "h1_rev1": 0.0, "h2_nowarn": 0.0, "h4_rv2": 0.0, "h5_rv2_nowarn": 0.0}
{"variant": "w_drop_full", "h0_orig": 1.0, "h1_rev1": 0.0, "h2_nowarn": 0.0, "h4_rv2": 0.0, "h5_rv2_nowarn": 0.0}
{"variant": "w_drop_big", "h0_orig": 1.0, "h1_rev1": 0.0, "h2_nowarn": 0.0, "h4_rv2": 0.0, "h5_rv2_nowarn": 0.0}
{"variant": "w_mutate", "h0_orig": 1.0, "h1_rev1": 0.0, "h2_nowarn": 0.0, "h4_rv2": 0.0, "h5_rv2_nowarn": 0.0}
{"variant": "w_convert_mutate", "h0_orig": 1.0, "h1_rev1": 0.0, "h2_nowarn": 0.0, "h4_rv2": 0.0, "h5_rv2_nowarn": 0.0}
{"variant": "deg_off", "h0_orig": 0.0, "h1_rev1": 0.0, "h2_nowarn": 0.0, "h4_rv2": 0.0, "h5_rv2_nowarn": 0.0}
{"variant": "w_silent", "h0_orig": 0.0, "h1_rev1": 0.0, "h2_nowarn": 0.0, "h4_rv2": 0.0, "h5_rv2_nowarn": 0.0}
{"variant": "w_swallow_save", "h0_orig": 0.0, "h1_rev1": 0.0, "h2_nowarn": 0.0, "h4_rv2": 0.0, "h5_rv2_nowarn": 0.0}
{"variant": "w_keep_trns", "h0_orig": 0.0, "h1_rev1": 0.0, "h2_nowarn": 0.0, "h4_rv2": 0.0, "h5_rv2_nowarn": 0.0}
{"variant": "w_nearest", "h0_orig": 0.0, "h1_rev1": 0.0, "h2_nowarn": 0.0, "h4_rv2": 0.0, "h5_rv2_nowarn": 0.0}
{"variant": "w_imout", "h0_orig": 0.0, "h1_rev1": 0.0, "h2_nowarn": 0.0, "h4_rv2": 0.0, "h5_rv2_nowarn": 0.0}
