started_at=2026-07-08T12:34:32Z
before_df: Filesystem      Size  Used Avail Use% Mounted on | /dev/vda1       247G   64G  184G  26% / | rh2             1.5T  828G  673G  56% /mnt/p3
before_docker_df: TYPE            TOTAL     ACTIVE    SIZE      RECLAIMABLE || Images          1         1         44.35GB   0B (0%) || Containers      1         1         4.801GB   0B (0%) || Local Volumes   0         0         0B        0B || Build Cache     0         0         0B        0B
[1/8] pulling django__django-11099 swebench/sweb.eval.x86_64.django_1776_django-11099:latest
PULLED django__django-11099 seconds=59.3 size_bytes=2673887156 digest_ok=True digests=['swebench/sweb.eval.x86_64.django_1776_django-11099@sha256:57060beb309612ff3d6e47195c78120926df30935121be24c37ba5c717584a78']
df_now: Filesystem      Size  Used Avail Use% Mounted on | /dev/vda1       247G   66G  181G  27% / | rh2             1.5T  828G  673G  56% /mnt/p3
[2/8] pulling django__django-11133 swebench/sweb.eval.x86_64.django_1776_django-11133:latest
PULLED django__django-11133 seconds=4.9 size_bytes=2673923140 digest_ok=True digests=['swebench/sweb.eval.x86_64.django_1776_django-11133@sha256:cf92d32f28cfa31224ccde2077ec8efd46d5c79cb9b1758c7ab4b4b245bfcb08']
df_now: Filesystem      Size  Used Avail Use% Mounted on | /dev/vda1       247G   67G  181G  27% / | rh2             1.5T  828G  673G  56% /mnt/p3
[3/8] pulling django__django-16139 swebench/sweb.eval.x86_64.django_1776_django-16139:latest
PULLED django__django-16139 seconds=27.5 size_bytes=2815008542 digest_ok=True digests=['swebench/sweb.eval.x86_64.django_1776_django-16139@sha256:f8c120d58e3ec230d1604b8a0bb73c15f106e4876675246d06ec97f134a86a79']
df_now: Filesystem      Size  Used Avail Use% Mounted on | /dev/vda1       247G   68G  180G  28% / | rh2             1.5T  828G  673G  56% /mnt/p3
[4/8] pulling sympy__sympy-14711 swebench/sweb.eval.x86_64.sympy_1776_sympy-14711:latest
PULLED sympy__sympy-14711 seconds=35.0 size_bytes=2552977880 digest_ok=True digests=['swebench/sweb.eval.x86_64.sympy_1776_sympy-14711@sha256:4285e771c489f97e7b5a966184982ba24246c80446d03ed7dad26ff60d36c142']
df_now: Filesystem      Size  Used Avail Use% Mounted on | /dev/vda1       247G   69G  179G  28% / | rh2             1.5T  828G  673G  56% /mnt/p3
[5/8] pulling sympy__sympy-15349 swebench/sweb.eval.x86_64.sympy_1776_sympy-15349:latest
PULLED sympy__sympy-15349 seconds=2.8 size_bytes=2559063469 digest_ok=True digests=['swebench/sweb.eval.x86_64.sympy_1776_sympy-15349@sha256:b10d13ced1fd256e21ceceb93d59c972a51683a6efd2d96221927720c1fadcef']
df_now: Filesystem      Size  Used Avail Use% Mounted on | /dev/vda1       247G   69G  179G  28% / | rh2             1.5T  828G  673G  56% /mnt/p3
[6/8] pulling psf__requests-1142 swebench/sweb.eval.x86_64.psf_1776_requests-1142:latest
PULLED psf__requests-1142 seconds=18.7 size_bytes=2477652857 digest_ok=True digests=['swebench/sweb.eval.x86_64.psf_1776_requests-1142@sha256:9b0b13a4a762e809a60424f8fd9ba40b45f87874de87479a771e4e673f937d59']
df_now: Filesystem      Size  Used Avail Use% Mounted on | /dev/vda1       247G   70G  178G  29% / | rh2             1.5T  828G  673G  56% /mnt/p3
[7/8] pulling psf__requests-2931 swebench/sweb.eval.x86_64.psf_1776_requests-2931:latest
PULLED psf__requests-2931 seconds=9.7 size_bytes=2480030495 digest_ok=True digests=['swebench/sweb.eval.x86_64.psf_1776_requests-2931@sha256:f3c752f9cb9f48461c61bb2afc89ae8ef5eaea20f7f1d1f05ae2a098b161abd5']
df_now: Filesystem      Size  Used Avail Use% Mounted on | /dev/vda1       247G   70G  178G  29% / | rh2             1.5T  828G  673G  56% /mnt/p3
[8/8] pulling astropy__astropy-14995 swebench/sweb.eval.x86_64.astropy_1776_astropy-14995:latest
PULLED astropy__astropy-14995 seconds=17.9 size_bytes=2696358613 digest_ok=True digests=['swebench/sweb.eval.x86_64.astropy_1776_astropy-14995@sha256:b29a3bf3daebe6055a2bba46bc98db070043acd53801bd783c2f620813a87eae']
df_now: Filesystem      Size  Used Avail Use% Mounted on | /dev/vda1       247G   71G  177G  29% / | rh2             1.5T  828G  673G  56% /mnt/p3
after_docker_df: TYPE            TOTAL     ACTIVE    SIZE      RECLAIMABLE || Images          9         1         52.11GB   3.102GB (5%) || Containers      1         1         4.803GB   0B (0%) || Local Volumes   0         0         0B        0B || Build Cache     0         0         0B        0B
all_images_prefetched_and_digest_verified=true
