{"cand": "base", "wall_s": 10.8, "rc": 0, "stderr_tail": ""}
{"cand": "gold", "wall_s": 10.5, "rc": 0, "stderr_tail": ""}
{"cand": "alt_typeerror", "wall_s": 8.0, "rc": 0, "stderr_tail": ""}
{"cand": "r_retry", "wall_s": 8.7, "rc": 0, "stderr_tail": ""}
{"cand": "r_kwtuple", "wall_s": 8.1, "rc": 0, "stderr_tail": ""}
{"cand": "q_prestrip", "wall_s": 7.0, "rc": 0, "stderr_tail": ""}
{"cand": "w_literal", "wall_s": 9.4, "rc": 0, "stderr_tail": ""}
{"cand": "w_mutate", "wall_s": 8.4, "rc": 0, "stderr_tail": ""}
{"cand": "w_mutate_kept", "wall_s": 8.4, "rc": 0, "stderr_tail": ""}
{"cand": "w_nosaveall", "wall_s": 7.6, "rc": 0, "stderr_tail": ""}
{"cand": "w_order_cache", "wall_s": 9.8, "rc": 0, "stderr_tail": ""}
{"cand": "w_filter_leak", "wall_s": 10.7, "rc": 0, "stderr_tail": ""}
{"variant": "base", "h1u_rev1": 0.0, "h4u_rv2": 0.0}
{"variant": "gold", "h1u_rev1": 1.0, "h4u_rv2": 1.0}
{"variant": "alt_typeerror", "h1u_rev1": 1.0, "h4u_rv2": 1.0}
{"variant": "r_retry", "h1u_rev1": 1.0, "h4u_rv2": 1.0}
{"variant": "r_kwtuple", "h1u_rev1": 1.0, "h4u_rv2": 1.0}
{"variant": "q_prestrip", "h1u_rev1": 0.0, "h4u_rv2": 0.0}
{"variant": "w_literal", "h1u_rev1": 0.0, "h4u_rv2": 0.0}
{"variant": "w_mutate", "h1u_rev1": 0.0, "h4u_rv2": 0.0}
{"variant": "w_mutate_kept", "h1u_rev1": 1.0, "h4u_rv2": 0.0}
{"variant": "w_nosaveall", "h1u_rev1": 1.0, "h4u_rv2": 0.0}
{"variant": "w_order_cache", "h1u_rev1": 1.0, "h4u_rv2": 0.0}
{"variant": "w_filter_leak", "h1u_rev1": 0.0, "h4u_rv2": 0.0}
