
==================================== ERRORS ====================================
_____________________ ERROR collecting tests/test_thing.py _____________________
ImportError while importing test module '/testbed/tests/test_thing.py'.
Hint: make sure your test modules/packages have valid Python names.
Traceback:
<USER_HOME>/.local/share/uv/python/cpython-3.12.13-macos-aarch64-none/lib/python3.12/importlib/__init__.py:90: in import_module
    return _bootstrap._gcd_import(name[level:], package, level)
           ^^^^^^^^^^^^^^^^^^^^^^^^^^^^^^^^^^^^^^^^^^^^^^^^^^^^
tests/test_thing.py:3: in <module>
    from src.thing import VALUE
src/thing.py:1: in <module>
    from rh2_missing_fixture_dependency import VALUE
E   ModuleNotFoundError: No module named 'rh2_missing_fixture_dependency'
------------------------------- Captured stdout --------------------------------
============================= test session starts ==============================
platform darwin -- Python 3.12.13, pytest-9.1.1, pluggy-1.6.0
rootdir: <REPO>
configfile: pyproject.toml
collected 1 item

child/test_child.py .                                                    [100%]

==================================== PASSES ====================================
=========================== short test summary info ============================
PASSED child/test_child.py::test_child
============================== 1 passed in 0.01s ===============================
=========================== short test summary info ============================
ERROR tests/test_thing.py
!!!!!!!!!!!!!!!!!!!! Interrupted: 1 error during collection !!!!!!!!!!!!!!!!!!!!
1 error in 0.16s
