============================= test session starts ==============================
platform linux -- Python 3.10.14, pytest-6.2.5, py-1.11.0, pluggy-1.5.0
rootdir: /testbed, configfile: pytest.ini
plugins: xdist-3.5.0
collected 1 item

conans/test/unittests/tools/gnu/autotools_test.py F                      [100%]

=================================== FAILURES ===================================
___________________________ test_source_folder_works ___________________________

    def test_source_folder_works():
        folder = temp_folder()
        os.chdir(folder)
        save_toolchain_args({
            "configure_args": "-foo bar",
            "make_args": "",
            "autoreconf_args": "-bar foo"}
        )
        conanfile = ConanFileMock()
        sources = "/path/to/sources"
        conanfile.folders.set_base_source(sources)
        autotools = Autotools(conanfile)
        autotools.configure(build_script_folder="subfolder")
        assert conanfile.command.replace("\\", "/") == '"/path/to/sources/subfolder/configure" -foo bar '
    
        autotools = Autotools(conanfile)
        autotools.configure()
        assert conanfile.command.replace("\\", "/") == '"/path/to/sources/configure" -foo bar '
    
        # autoreconf runs in the selected folder, with real folders that contain a configure.ac:
        # by default the source folder, a folder relative to the source folder, or an absolute
        # folder such as the build folder or another absolute path
        root = temp_folder()
        source = os.path.join(root, "source")
        subfolder = os.path.join(source, "subfolder")
        build = os.path.join(root, "build")
        for f in (source, subfolder, build):
            save(os.path.join(f, "configure.ac"), "")
        conanfile = _RunRecorderConanFile()
        conanfile.folders.set_base_source(source)
        conanfile.folders.set_base_build(build)
        conanfile.folders.set_base_generators(folder)
        autotools = Autotools(conanfile)
        real = os.path.realpath
        os.chdir(build)  # the recipe build() method runs in the build folder
        try:
            calls = [({}, source, 'autoreconf -bar foo'),
                     ({"build_script_folder": "subfolder"}, subfolder, 'autoreconf -bar foo'),
                     ({"build_script_folder": conanfile.build_folder, "args": ["--install"]}, build,
                      'autoreconf -bar foo --install'),
                     ({"build_script_folder": subfolder}, subfolder, 'autoreconf -bar foo'),
                     ({}, source, 'autoreconf -bar foo')]
            for kwargs, expected_folder, expected_command in calls:
                before = len(conanfile.runs)
                autotools.autoreconf(**kwargs)
                assert conanfile.runs[before:] == [(real(expected_folder), expected_command)], kwargs
                # the current folder of the caller and the recipe folders are not changed
                assert real(os.getcwd()) == real(build), kwargs
                assert conanfile.source_folder == source
                assert conanfile.build_folder == build
    
            # A selected folder that does not exist is an error; autoreconf is not run elsewhere
            before = len(conanfile.runs)
            with pytest.raises(Exception):
                autotools.autoreconf(build_script_folder="missing")
            assert len(conanfile.runs) == before
            assert real(os.getcwd()) == real(build)
    
            # The current folder of the caller is restored, also when it is not the build folder
            os.chdir(root)
            autotools.autoreconf(build_script_folder="subfolder")
            assert conanfile.runs[-1] == (real(subfolder), 'autoreconf -bar foo')
            assert real(os.getcwd()) == real(root)
            os.chdir(build)
    
            # A failing autoreconf is not hidden: an error is raised, as is or chained to the
            # failure (or raised after the failing exit code was returned), and the current folder
            # is restored
            conanfile.run_error = ConanException("autoreconf failed")
            with pytest.raises(Exception) as raised:
                autotools.autoreconf(build_script_folder="subfolder")
            chain = []
            error = raised.value
            while error is not None and all(error is not e for e in chain):
                chain.append(error)
                error = error.__cause__ or error.__context__
>           assert any(e is conanfile.run_error for e in chain) or conanfile.failed_codes_returned
E           assert (False or 0)
E            +  where False = any(<generator object test_source_folder_works.<locals>.<genexpr> at 0x7f2e076e83c0>)
E            +  and   0 = .failed_codes_returned

/testbed/conans/test/unittests/tools/gnu/autotools_test.py:115: AssertionError
----------------------------- Captured stderr call -----------------------------
Calling:
 > "/path/to/sources/subfolder/configure" -foo bar 
Calling:
 > "/path/to/sources/configure" -foo bar 
=========================== short test summary info ============================
FAILED conans/test/unittests/tools/gnu/autotools_test.py::test_source_folder_works
============================== 1 failed in 0.14s ===============================
