........F                                                                [ 14%]tests/test_docs.py:167 test_docs_examples[docs/concepts/validators.md:137-263] [ 16%]
.........................................s.....                          [100%]
=================================== FAILURES ===================================
___________ test_docs_examples[docs/concepts/validators.md:137-263] ____________
Print output changed code:
  --- before
  +++ after
  @@ -250,148 +250,154 @@
       'val_y wrap: pre',
       'wrap-4: pre',
       'before-4',
       'wrap-3: pre',
       'before-3',
  +    'wrap-2: pre',
  +    'before-2',
  +    'wrap-1: pre',
  +    'before-1',
       'plain',
  +    'wrap-1: post',
  +    'wrap-2: post',
       'after-3',
       'wrap-3: post',
       'after-4',
       'wrap-4: post',
       'val_y wrap: post',
                              Summary of Failures                               
┏━━━━━━━━━━━━━━━━━┳━━━━━━━━━━━━━━━━━┳━━━━━━━━━━━━━━━━━┳━━━━━━━━━━━━━━┳━━━━━━━━━┓
┃  File           ┃  Function       ┃  Function Line  ┃  Error Line  ┃  Error  ┃
┡━━━━━━━━━━━━━━━━━╇━━━━━━━━━━━━━━━━━╇━━━━━━━━━━━━━━━━━╇━━━━━━━━━━━━━━╇━━━━━━━━━┩
│  tests/test_d…  │  test_docs_ex…  │  168            │              │         │
└─────────────────┴─────────────────┴─────────────────┴──────────────┴─────────┘
Results (1.72s):
         1 failed
        54 passed
         1 skipped
       457 deselected
RC=1
