bringing up nodes...
bringing up nodes...

...........F...s                                                         [100%]
=================================== FAILURES ===================================
______________________ ExecTest.test_unencodable_filename ______________________
[gw0] linux -- Python 3.7.9 /testbed/.venv/bin/python

self = <r2e_tests.test_1.ExecTest testMethod=test_unencodable_filename>

        def test_unencodable_filename(self):
            # https://github.com/nedbat/coveragepy/issues/891
            if env.PYVERSION < (3, 0):
                self.skipTest("Python 2 can't seem to compile the file.")
            self.make_file("bug891.py", r"""exec(compile("pass", "\udcff.py", "exec"))""")
            cov = coverage.Coverage()
            self.start_import_stop(cov, "bug891")
            # Saving would fail trying to encode \udcff.py
            cov.save()
            files = [os.path.basename(f) for f in cov.get_data().measured_files()]
            assert "bug891.py" in files
    
            # The same holds with branch coverage, for other unencodable names, and names that
            # can be encoded (non-ASCII included) are still measured, also when they come after
            # an unencodable one.
            self.make_file("bug891b.py", r"""
    exec(compile("pass", "\udc80\udc81_other.py", "exec"))
    exec(compile("pass", "caf\xe9_\u4e2d.py", "exec"))
    """)
            cov = coverage.Coverage(branch=True)
            self.start_import_stop(cov, "bug891b")
            cov.save()
            files = [os.path.basename(f) for f in cov.get_data().measured_files()]
            assert "bug891b.py" in files
>           assert "caf\xe9_\u4e2d.py" in files
E           AssertionError: assert 'café_中.py' in ['bug891b.py']

r2e_tests/test_1.py:590: AssertionError
----------------------------- Captured stderr call -----------------------------
Coverage.py warning: No data was collected. (no-data-collected)
Coverage.py warning: No data was collected. (no-data-collected)
==================================== PASSES ====================================
______________ GettraceTest.test_round_trip_in_untraced_function _______________
[gw0] linux -- Python 3.7.9 /testbed/.venv/bin/python
----------------------------- Captured stdout call -----------------------------
10
7
3
5
9
12
_________________ GettraceTest.test_setting_new_trace_function _________________
[gw0] linux -- Python 3.7.9 /testbed/.venv/bin/python
----------------------------- Captured stdout call -----------------------------
call: coverage_test_7178719387367998.py @ 10
line: coverage_test_7178719387367998.py @ 11
line: coverage_test_7178719387367998.py @ 12
return: coverage_test_7178719387367998.py @ 12
______________________ GettraceTest.test_atexit_gettrace _______________________
[gw1] linux -- Python 3.7.9 /testbed/.venv/bin/python
----------------------------- Captured stdout call -----------------------------
trace_function

________________________ ExecTest.test_correct_filename ________________________
[gw1] linux -- Python 3.7.9 /testbed/.venv/bin/python
----------------------------- Captured stdout call -----------------------------
var is 17
done
__________________ MockingProtectionTest.test_os_path_exists ___________________
[gw0] linux -- Python 3.7.9 /testbed/.venv/bin/python
----------------------------- Captured stdout call -----------------------------
in test
bug416a.py
23
17

=========================== short test summary info ============================
PASSED r2e_tests/test_1.py::RecursionTest::test_long_recursion
PASSED r2e_tests/test_1.py::ThreadingTest::test_threading
PASSED r2e_tests/test_1.py::ThreadingTest::test_thread_run
PASSED r2e_tests/test_1.py::RecursionTest::test_short_recursion
PASSED r2e_tests/test_1.py::RecursionTest::test_long_recursion_recovery
PASSED r2e_tests/test_1.py::PyexpatTest::test_pyexpat
PASSED r2e_tests/test_1.py::DoctestTest::test_doctest
PASSED r2e_tests/test_1.py::ExceptionTest::test_exception
PASSED r2e_tests/test_1.py::GettraceTest::test_round_trip_in_untraced_function
PASSED r2e_tests/test_1.py::GettraceTest::test_setting_new_trace_function
PASSED r2e_tests/test_1.py::GettraceTest::test_atexit_gettrace
PASSED r2e_tests/test_1.py::ExecTest::test_correct_filename
PASSED r2e_tests/test_1.py::MockingProtectionTest::test_os_path_exists
PASSED r2e_tests/test_1.py::MemoryLeakTest::test_for_leaks
SKIPPED [1] r2e_tests/test_1.py:199: This is too expensive for now (30s)
FAILED r2e_tests/test_1.py::ExecTest::test_unencodable_filename - AssertionEr...
1 failed, 14 passed, 1 skipped in 1.09 seconds
