{
  "source_sha256": {
    "rh2/src/repoharness2/adapters/slime/bringup.py": "afe5bc535c1d3ee51cd0a2adf33824828b546c912b85124a5df6cf5d5440faaf",
    "rh2/src/repoharness2/adapters/slime/prepared_task_face.py": "31ff5145dfa8b71b2a183b14f8a5fbfe4572b71911af54023c8168e534e4f8a3",
    "rh2/src/repoharness2/adapters/slime/replay_grade.py": "031046ba444e26a91643ce988c3855e80acb1b4cf90408235d61ff35d87fb896",
    "rh2/src/repoharness2/adapters/slime/sandbox_profile.py": "698edb1740907f4255363d047e126d7f6b401677d907b1c1fcd694beb1fe5899",
    "rh2/src/repoharness2/grading/manager.py": "c4160d65d1ae1575b3316c4aa7b4d7e32e24d6893b0baf0a6e71f898416c83d8",
    "rh2/src/repoharness2/grading/queue.py": "d6b96b1efd5f254d8d8192adf5e82661470a74887e68d8f1a67a115a4889d341"
  },
  "formal_default": {
    "scope": "原 actor 三处 AST + prepared/attempt registry/queue/frozen manager；未启动完整 actor",
    "constructor_injection": false,
    "actor_load_keywords": [
      "prepared_dir",
      "manifest_sha256",
      "host_grading_path",
      "host_grading_sha256",
      "time_budget_seconds",
      "prompt_data_path"
    ],
    "load_signature_has_qualifications": false,
    "spec_qualification": "absent",
    "sidecar_qualification": "absent",
    "report": {
      "schema_id": "rh2.grading_report.v1",
      "report_id": "rpt_grading_49bdf350",
      "trajectory_id": "formal_default",
      "task_id": "swe_gym_lite::getmoto__moto-6913",
      "grader_name": "swebench_official_parser",
      "grader_version": "swebench-4.1.0+swegym_parsers@242429c1",
      "outcome": "resolved",
      "failure_category": null,
      "reward": 1.0,
      "reward_scale_version": "binary_v1",
      "f2p_pass_count": 1,
      "f2p_total_count": 1,
      "p2p_fail_count": 0,
      "p2p_total_count": 17,
      "execution_failure_stage": null,
      "execution_failure_evidence": [],
      "grading_semantics": "swe_f2p_p2p",
      "expected_match_count": null,
      "expected_total_count": null,
      "patch_hygiene": {
        "cleaned_patch_digest": "sha256:e3b0c44298fc1c149afbf4c8996fb92427ae41e4649b934ca495991b7852b855",
        "digest_kind": "applied_entry_set",
        "replayed_on_clean_checkout": true,
        "test_files_modified": false,
        "forbidden_path_touched": false,
        "forbidden_paths": [],
        "verdict": "clean"
      },
      "infra_failure_detail": null,
      "eval_log_ref": {
        "ref_id": "evallog_formal_default_49bdf350",
        "sha256": "sha256:db5c838e31f11d1d976fc104c4279935189be51cc9311b0297ba8c63dc0f2ec6",
        "byte_size": 1049933
      },
      "timings": {
        "schema_id": "rh2.grading_timing_record.v1",
        "record_id": "timing_49bdf350",
        "trajectory_id": "formal_default",
        "task_id": "swe_gym_lite::getmoto__moto-6913",
        "image_pull_seconds": 0.0,
        "env_reset_seconds": 0.0,
        "prep_seconds": 0.0,
        "test_seconds": 0.001,
        "total_grading_seconds": 0.003,
        "queue_wait_seconds": 0.0,
        "container_peak_memory_mb": 1.0,
        "queue_depth_at_enqueue": 0,
        "backpressure_triggered": false
      },
      "graded_at_utc": "2026-09-19T06:47:12.781493Z"
    },
    "log_bytes": 1049933,
    "record_retains_full_log": false,
    "all_container_runs_have_init": true
  },
  "constructor_transport_positive": {
    "scope": "原 actor 三处 AST + prepared/attempt registry/queue/frozen manager；未启动完整 actor",
    "constructor_injection": true,
    "actor_load_keywords": [
      "prepared_dir",
      "manifest_sha256",
      "host_grading_path",
      "host_grading_sha256",
      "time_budget_seconds",
      "prompt_data_path"
    ],
    "load_signature_has_qualifications": false,
    "spec_qualification": "ok:ledger.jsonl:rpt_grading_d24240a2",
    "sidecar_qualification": "ok:ledger.jsonl:rpt_grading_d24240a2",
    "report": {
      "schema_id": "rh2.grading_report.v1",
      "report_id": "rpt_grading_322be2d5",
      "trajectory_id": "formal_injected",
      "task_id": "swe_gym_lite::getmoto__moto-6913",
      "grader_name": "swebench_official_parser",
      "grader_version": "swebench-4.1.0+swegym_parsers@242429c1",
      "outcome": "resolved",
      "failure_category": null,
      "reward": 1.0,
      "reward_scale_version": "binary_v1",
      "f2p_pass_count": 1,
      "f2p_total_count": 1,
      "p2p_fail_count": 0,
      "p2p_total_count": 17,
      "execution_failure_stage": null,
      "execution_failure_evidence": [],
      "grading_semantics": "swe_f2p_p2p",
      "expected_match_count": null,
      "expected_total_count": null,
      "patch_hygiene": {
        "cleaned_patch_digest": "sha256:e3b0c44298fc1c149afbf4c8996fb92427ae41e4649b934ca495991b7852b855",
        "digest_kind": "applied_entry_set",
        "replayed_on_clean_checkout": true,
        "test_files_modified": false,
        "forbidden_path_touched": false,
        "forbidden_paths": [],
        "verdict": "clean"
      },
      "infra_failure_detail": null,
      "eval_log_ref": {
        "ref_id": "evallog_formal_injected_322be2d5",
        "sha256": "sha256:db5c838e31f11d1d976fc104c4279935189be51cc9311b0297ba8c63dc0f2ec6",
        "byte_size": 1049933
      },
      "timings": {
        "schema_id": "rh2.grading_timing_record.v1",
        "record_id": "timing_322be2d5",
        "trajectory_id": "formal_injected",
        "task_id": "swe_gym_lite::getmoto__moto-6913",
        "image_pull_seconds": 0.0,
        "env_reset_seconds": 0.0,
        "prep_seconds": 0.0,
        "test_seconds": 0.001,
        "total_grading_seconds": 0.003,
        "queue_wait_seconds": 0.0,
        "container_peak_memory_mb": 1.0,
        "queue_depth_at_enqueue": 0,
        "backpressure_triggered": false
      },
      "graded_at_utc": "2026-09-19T06:47:12.807797Z"
    },
    "log_bytes": 1049933,
    "record_retains_full_log": false,
    "all_container_runs_have_init": true
  },
  "stable": {
    "qualification": "ok:ledger.jsonl:rpt_grading_3c7db34d",
    "identity_recorded": "local_build:sha256:abababababababababababababababababababababababababababababababab",
    "image_id_actual_recorded": "sha256:abababababababababababababababababababababababababababababababab",
    "run_images": [
      {
        "ref": "local/derived:review",
        "actual_id": "sha256:abababababababababababababababababababababababababababababababab",
        "init": true
      },
      {
        "ref": "local/derived:review",
        "actual_id": "sha256:abababababababababababababababababababababababababababababababab",
        "init": true
      }
    ],
    "reward": 1.0
  },
  "rebuilt_before_inspect": {
    "qualification": "image_identity_mismatch",
    "identity_recorded": "local_build:sha256:cdcdcdcdcdcdcdcdcdcdcdcdcdcdcdcdcdcdcdcdcdcdcdcdcdcdcdcdcdcdcdcd",
    "image_id_actual_recorded": "sha256:cdcdcdcdcdcdcdcdcdcdcdcdcdcdcdcdcdcdcdcdcdcdcdcdcdcdcdcdcdcdcdcd",
    "run_images": [
      {
        "ref": "local/derived:review",
        "actual_id": "sha256:cdcdcdcdcdcdcdcdcdcdcdcdcdcdcdcdcdcdcdcdcdcdcdcdcdcdcdcdcdcdcdcd",
        "init": true
      },
      {
        "ref": "local/derived:review",
        "actual_id": "sha256:cdcdcdcdcdcdcdcdcdcdcdcdcdcdcdcdcdcdcdcdcdcdcdcdcdcdcdcdcdcdcdcd",
        "init": true
      }
    ],
    "reward": 1.0
  },
  "retag_after_inspect": {
    "qualification": "ok:ledger.jsonl:rpt_grading_3c7db34d",
    "identity_recorded": "local_build:sha256:abababababababababababababababababababababababababababababababab",
    "image_id_actual_recorded": "sha256:abababababababababababababababababababababababababababababababab",
    "run_images": [
      {
        "ref": "local/derived:review",
        "actual_id": "sha256:cdcdcdcdcdcdcdcdcdcdcdcdcdcdcdcdcdcdcdcdcdcdcdcdcdcdcdcdcdcdcdcd",
        "init": true
      },
      {
        "ref": "local/derived:review",
        "actual_id": "sha256:cdcdcdcdcdcdcdcdcdcdcdcdcdcdcdcdcdcdcdcdcdcdcdcdcdcdcdcdcdcdcdcd",
        "init": true
      }
    ],
    "reward": 1.0
  },
  "cancel_derived_inspect": {
    "stage_error": "cancelled:derived_image_inspect",
    "ledger_rows": 1,
    "log": null,
    "cancel_propagated": true,
    "all_manager_records_freed": true,
    "container_runs": []
  },
  "cancel_post_observation": {
    "stage_error": "cancelled:grading",
    "ledger_rows": 1,
    "log": {
      "partial": false,
      "path": "<repo>/docs/agentic_RL/repo_harness_rh2_workstreams/project1_execution/batch4_scoring_20260910/chainfix_review_20260919/production/runtime/cancel_post/logs/evallog_replay-cancel_post-getmo_68ef5475.eval.log",
      "sha256": "sha256:df56a29e7794ef0df4205af2181007733a92b0f7e7586bd89e998bce711e6bf6"
    },
    "cancel_propagated": true,
    "all_manager_records_freed": true,
    "container_runs": [
      {
        "ref": "local/derived:review",
        "actual_id": "sha256:abababababababababababababababababababababababababababababababab",
        "init": true
      },
      {
        "ref": "local/derived:review",
        "actual_id": "sha256:abababababababababababababababababababababababababababababababab",
        "init": true
      }
    ]
  }
}
