{"cand": "base", "wall_s": 9.6, "rc": 0, "stderr_tail": ""}
{"cand": "gold", "wall_s": 9.1, "rc": 0, "stderr_tail": ""}
{"cand": "alt_typeerror", "wall_s": 9.2, "rc": 0, "stderr_tail": ""}
{"cand": "alt_frame", "wall_s": 9.1, "rc": 0, "stderr_tail": ""}
{"cand": "alt_integral", "wall_s": 9.4, "rc": 0, "stderr_tail": ""}
{"cand": "alt_prestrip_warn", "wall_s": 8.9, "rc": 0, "stderr_tail": ""}
{"cand": "q_prestrip", "wall_s": 9.4, "rc": 0, "stderr_tail": ""}
{"cand": "r_retry", "wall_s": 9.1, "rc": 0, "stderr_tail": ""}
{"cand": "r_none_marker", "wall_s": 9.2, "rc": 0, "stderr_tail": ""}
{"cand": "r_kwtuple", "wall_s": 8.7, "rc": 0, "stderr_tail": ""}
{"cand": "w_mutate_kept", "wall_s": 9.3, "rc": 0, "stderr_tail": ""}
{"cand": "w_nosaveall", "wall_s": 9.1, "rc": 0, "stderr_tail": ""}
{"cand": "w_order_cache", "wall_s": 8.7, "rc": 0, "stderr_tail": ""}
{"cand": "w_filter_leak", "wall_s": 9.3, "rc": 0, "stderr_tail": ""}
{"variant": "base", "h0_orig": 0.0, "h1_rev1": 0.0, "h2_nowarn": 0.0, "h4_rv2": 0.0, "h5_rv2_nowarn": 0.0}
{"variant": "gold", "h0_orig": 1.0, "h1_rev1": 1.0, "h2_nowarn": 1.0, "h4_rv2": 1.0, "h5_rv2_nowarn": 1.0}
{"variant": "alt_typeerror", "h0_orig": 1.0, "h1_rev1": 1.0, "h2_nowarn": 1.0, "h4_rv2": 1.0, "h5_rv2_nowarn": 1.0}
{"variant": "alt_frame", "h0_orig": 1.0, "h1_rev1": 1.0, "h2_nowarn": 1.0, "h4_rv2": 1.0, "h5_rv2_nowarn": 1.0}
{"variant": "alt_integral", "h0_orig": 1.0, "h1_rev1": 1.0, "h2_nowarn": 1.0, "h4_rv2": 1.0, "h5_rv2_nowarn": 1.0}
{"variant": "alt_prestrip_warn", "h0_orig": 1.0, "h1_rev1": 1.0, "h2_nowarn": 1.0, "h4_rv2": 1.0, "h5_rv2_nowarn": 1.0}
{"variant": "q_prestrip", "h0_orig": 0.0, "h1_rev1": 0.0, "h2_nowarn": 1.0, "h4_rv2": 0.0, "h5_rv2_nowarn": 1.0}
{"variant": "r_retry", "h0_orig": 1.0, "h1_rev1": 1.0, "h2_nowarn": 1.0, "h4_rv2": 1.0, "h5_rv2_nowarn": 1.0}
{"variant": "r_none_marker", "h0_orig": 1.0, "h1_rev1": 1.0, "h2_nowarn": 1.0, "h4_rv2": 1.0, "h5_rv2_nowarn": 1.0}
{"variant": "r_kwtuple", "h0_orig": 1.0, "h1_rev1": 1.0, "h2_nowarn": 1.0, "h4_rv2": 1.0, "h5_rv2_nowarn": 1.0}
{"variant": "w_mutate_kept", "h0_orig": 1.0, "h1_rev1": 1.0, "h2_nowarn": 1.0, "h4_rv2": 0.0, "h5_rv2_nowarn": 0.0}
{"variant": "w_nosaveall", "h0_orig": 1.0, "h1_rev1": 1.0, "h2_nowarn": 1.0, "h4_rv2": 0.0, "h5_rv2_nowarn": 0.0}
{"variant": "w_order_cache", "h0_orig": 1.0, "h1_rev1": 1.0, "h2_nowarn": 1.0, "h4_rv2": 0.0, "h5_rv2_nowarn": 0.0}
{"variant": "w_filter_leak", "h0_orig": 0.0, "h1_rev1": 0.0, "h2_nowarn": 1.0, "h4_rv2": 0.0, "h5_rv2_nowarn": 1.0}
