[1m============================= test session starts ==============================[0m
platform linux -- Python 3.9.21, pytest-8.3.4, pluggy-1.5.0
rootdir: /testbed
configfile: setup.cfg
plugins: cov-6.0.0
collected 75 items

r2e_tests/test_1.py [32m.[0m[32m.[0m[32m.[0m[32m.[0m[32m.[0m[32m.[0m[32m.[0m[32m.[0m[32m.[0m[32m.[0m[33ms[0m[32m.[0m[32m.[0m[32m.[0m[32m.[0m[32m.[0m[32m.[0m[32m.[0m[32m.[0m[32m.[0m[32m.[0m[32m.[0m[32m.[0m[32m.[0m[32m.[0m[32m.[0m[32m.[0m[32m.[0m[32m.[0m[32m.[0m[32m.[0m[32m.[0m[32m.[0m[32m.[0m[32m.[0m[32m.[0m[32m.[0m[32m.[0m[32m.[0m[32m.[0m[32m.[0m[32m.[0m[32m.[0m[32m.[0m[32m.[0m[32m.[0m[32m.[0m[32m.[0m[32m.[0m[32m.[0m[32m.[0m[32m.[0m[32m [ 69%]
[0m[32m.[0m[32m.[0m[32m.[0m[32m.[0m[32m.[0m[32m.[0m[32m.[0m[32m.[0m[32m.[0m[32m.[0m[32m.[0m[32m.[0m[32m.[0m[32m.[0m[32m.[0m[32m.[0m[32m.[0m[32m.[0m[32m.[0m[32m.[0m[32m.[0m[32m.[0m[32m.[0m[32m                                                  [100%][0m

==================================== PASSES ====================================
[36m[1m=========================== short test summary info ============================[0m
[32mPASSED[0m r2e_tests/test_1.py::[1mTestImage::test_image_modes_success[0m
[32mPASSED[0m r2e_tests/test_1.py::[1mTestImage::test_image_modes_fail[0m
[32mPASSED[0m r2e_tests/test_1.py::[1mTestImage::test_exception_inheritance[0m
[32mPASSED[0m r2e_tests/test_1.py::[1mTestImage::test_sanity[0m
[32mPASSED[0m r2e_tests/test_1.py::[1mTestImage::test_repr_pretty[0m
[32mPASSED[0m r2e_tests/test_1.py::[1mTestImage::test_open_formats[0m
[32mPASSED[0m r2e_tests/test_1.py::[1mTestImage::test_width_height[0m
[32mPASSED[0m r2e_tests/test_1.py::[1mTestImage::test_invalid_image[0m
[32mPASSED[0m r2e_tests/test_1.py::[1mTestImage::test_bad_mode[0m
[32mPASSED[0m r2e_tests/test_1.py::[1mTestImage::test_stringio[0m
[32mPASSED[0m r2e_tests/test_1.py::[1mTestImage::test_fp_name[0m
[32mPASSED[0m r2e_tests/test_1.py::[1mTestImage::test_tempfile[0m
[32mPASSED[0m r2e_tests/test_1.py::[1mTestImage::test_unknown_extension[0m
[32mPASSED[0m r2e_tests/test_1.py::[1mTestImage::test_internals[0m
[32mPASSED[0m r2e_tests/test_1.py::[1mTestImage::test_readonly_save[0m
[32mPASSED[0m r2e_tests/test_1.py::[1mTestImage::test_dump[0m
[32mPASSED[0m r2e_tests/test_1.py::[1mTestImage::test_comparison_with_other_type[0m
[32mPASSED[0m r2e_tests/test_1.py::[1mTestImage::test_expand_x[0m
[32mPASSED[0m r2e_tests/test_1.py::[1mTestImage::test_expand_xy[0m
[32mPASSED[0m r2e_tests/test_1.py::[1mTestImage::test_getbands[0m
[32mPASSED[0m r2e_tests/test_1.py::[1mTestImage::test_getchannel_wrong_params[0m
[32mPASSED[0m r2e_tests/test_1.py::[1mTestImage::test_getchannel[0m
[32mPASSED[0m r2e_tests/test_1.py::[1mTestImage::test_getbbox[0m
[32mPASSED[0m r2e_tests/test_1.py::[1mTestImage::test_ne[0m
[32mPASSED[0m r2e_tests/test_1.py::[1mTestImage::test_alpha_composite[0m
[32mPASSED[0m r2e_tests/test_1.py::[1mTestImage::test_alpha_inplace[0m
[32mPASSED[0m r2e_tests/test_1.py::[1mTestImage::test_registered_extensions_uninitialized[0m
[32mPASSED[0m r2e_tests/test_1.py::[1mTestImage::test_registered_extensions[0m
[32mPASSED[0m r2e_tests/test_1.py::[1mTestImage::test_effect_mandelbrot[0m
[32mPASSED[0m r2e_tests/test_1.py::[1mTestImage::test_effect_mandelbrot_bad_arguments[0m
[32mPASSED[0m r2e_tests/test_1.py::[1mTestImage::test_effect_noise[0m
[32mPASSED[0m r2e_tests/test_1.py::[1mTestImage::test_effect_spread[0m
[32mPASSED[0m r2e_tests/test_1.py::[1mTestImage::test_effect_spread_zero[0m
[32mPASSED[0m r2e_tests/test_1.py::[1mTestImage::test_check_size[0m
[32mPASSED[0m r2e_tests/test_1.py::[1mTestImage::test_storage_neg[0m
[32mPASSED[0m r2e_tests/test_1.py::[1mTestImage::test_one_item_tuple[0m
[32mPASSED[0m r2e_tests/test_1.py::[1mTestImage::test_linear_gradient_wrong_mode[0m
[32mPASSED[0m r2e_tests/test_1.py::[1mTestImage::test_linear_gradient[0m
[32mPASSED[0m r2e_tests/test_1.py::[1mTestImage::test_radial_gradient_wrong_mode[0m
[32mPASSED[0m r2e_tests/test_1.py::[1mTestImage::test_radial_gradient[0m
[32mPASSED[0m r2e_tests/test_1.py::[1mTestImage::test_register_extensions[0m
[32mPASSED[0m r2e_tests/test_1.py::[1mTestImage::test_remap_palette[0m
[32mPASSED[0m r2e_tests/test_1.py::[1mTestImage::test_remap_palette_rgba_reorder[0m
[32mPASSED[0m r2e_tests/test_1.py::[1mTestImage::test_remap_palette_rgba_gif_save[0m
[32mPASSED[0m r2e_tests/test_1.py::[1mTestImage::test_remap_palette_transparency[0m
[32mPASSED[0m r2e_tests/test_1.py::[1mTestImage::test_remap_palette_rgba_transparency[0m
[32mPASSED[0m r2e_tests/test_1.py::[1mTestImage::test__new[0m
[32mPASSED[0m r2e_tests/test_1.py::[1mTestImage::test_p_from_rgb_rgba[0m
[32mPASSED[0m r2e_tests/test_1.py::[1mTestImage::test_no_resource_warning_on_save[0m
[32mPASSED[0m r2e_tests/test_1.py::[1mTestImage::test_no_new_file_on_error[0m
[32mPASSED[0m r2e_tests/test_1.py::[1mTestImage::test_load_on_nonexclusive_multiframe[0m
[32mPASSED[0m r2e_tests/test_1.py::[1mTestImage::test_empty_exif[0m
[32mPASSED[0m r2e_tests/test_1.py::[1mTestImage::test_exif_jpeg[0m
[32mPASSED[0m r2e_tests/test_1.py::[1mTestImage::test_exif_webp[0m
[32mPASSED[0m r2e_tests/test_1.py::[1mTestImage::test_exif_png[0m
[32mPASSED[0m r2e_tests/test_1.py::[1mTestImage::test_exif_interop[0m
[32mPASSED[0m r2e_tests/test_1.py::[1mTestImage::test_exif_ifd[0m
[32mPASSED[0m r2e_tests/test_1.py::[1mTestImage::test_exif_load_from_fp[0m
[32mPASSED[0m r2e_tests/test_1.py::[1mTestImage::test_zero_tobytes[size0][0m
[32mPASSED[0m r2e_tests/test_1.py::[1mTestImage::test_zero_tobytes[size1][0m
[32mPASSED[0m r2e_tests/test_1.py::[1mTestImage::test_zero_tobytes[size2][0m
[32mPASSED[0m r2e_tests/test_1.py::[1mTestImage::test_categories_deprecation[0m
[32mPASSED[0m r2e_tests/test_1.py::[1mTestImage::test_constants_deprecation[0m
[32mPASSED[0m r2e_tests/test_1.py::[1mTestImage::test_overrun[fli_overrun.bin][0m
[32mPASSED[0m r2e_tests/test_1.py::[1mTestImage::test_overrun[sgi_overrun.bin][0m
[32mPASSED[0m r2e_tests/test_1.py::[1mTestImage::test_overrun[sgi_overrun_expandrow.bin][0m
[32mPASSED[0m r2e_tests/test_1.py::[1mTestImage::test_overrun[sgi_overrun_expandrow2.bin][0m
[32mPASSED[0m r2e_tests/test_1.py::[1mTestImage::test_overrun[pcx_overrun.bin][0m
[32mPASSED[0m r2e_tests/test_1.py::[1mTestImage::test_overrun[pcx_overrun2.bin][0m
[32mPASSED[0m r2e_tests/test_1.py::[1mTestImage::test_overrun[ossfuzz-4836216264589312.pcx][0m
[32mPASSED[0m r2e_tests/test_1.py::[1mTestImage::test_overrun[01r_00.pcx][0m
[32mPASSED[0m r2e_tests/test_1.py::[1mTestImage::test_fli_overrun2[0m
[32mPASSED[0m r2e_tests/test_1.py::[1mTestRegistry::test_encode_registry[0m
[32mPASSED[0m r2e_tests/test_1.py::[1mTestRegistry::test_encode_registry_fail[0m
[33mSKIPPED[0m [1] r2e_tests/test_1.py:165: jpg_2000 not available
[32m======================== [32m[1m74 passed[0m, [33m1 skipped[0m[32m in 0.31s[0m[32m =========================[0m
