{"id": "S01_example", "exc": null, "warnings": ["UserWarning: Couldn't allocate palette entry for transparency"], "src_info_transparency_after": "(255, 255, 255)", "reloaded": {"mode": "P", "size": [256, 1], "n_frames": 1, "transparency": "<absent>", "version": "GIF87a"}, "pixels_differing_from_source": 0}
{"id": "S02_example_save_all", "exc": null, "warnings": ["UserWarning: Couldn't allocate palette entry for transparency", "UserWarning: Couldn't allocate palette entry for transparency"], "src_info_transparency_after": "(255, 255, 255)", "reloaded": {"mode": "P", "size": [256, 1], "n_frames": 1, "transparency": "<absent>", "version": "GIF87a"}}
{"id": "S03_hopper_pixel00", "exc": null, "warnings": ["UserWarning: Couldn't allocate palette entry for transparency"], "src_info_transparency_after": "(20, 20, 70)", "reloaded": {"mode": "P", "size": [128, 128], "n_frames": 1, "transparency": "<absent>", "version": "GIF87a"}}
{"id": "S04_hopper_123", "exc": null, "warnings": ["UserWarning: Couldn't allocate palette entry for transparency"], "src_info_transparency_after": "(1, 2, 3)", "reloaded": {"mode": "P", "size": [128, 128], "n_frames": 1, "transparency": "<absent>", "version": "GIF87a"}}
{"id": "S05_teal256_absent", "exc": null, "warnings": ["UserWarning: Couldn't allocate palette entry for transparency"], "src_info_transparency_after": "(255, 0, 0)", "reloaded": {"mode": "P", "size": [16, 16], "n_frames": 1, "transparency": "<absent>", "version": "GIF87a"}}
{"id": "S06_example_present_color", "exc": null, "warnings": [], "src_info_transparency_after": "(255, 0, 0)", "reloaded": {"mode": "P", "size": [256, 1], "n_frames": 1, "transparency": 0, "version": "GIF89a"}, "trns_equals_index_of_pixel_255": true, "alpha_at_255": 0, "min_alpha_others": 255}
{"id": "S07_1x1_allocatable", "exc": null, "warnings": [], "src_info_transparency_after": "(255, 0, 0)", "reloaded": {"mode": "P", "size": [1, 1], "n_frames": 1, "transparency": 255, "version": "GIF89a"}}
{"id": "S08_255colors_free_slot", "exc": null, "warnings": [], "src_info_transparency_after": "(0, 255, 0)", "reloaded": {"mode": "P", "size": [255, 1], "n_frames": 1, "transparency": 255, "version": "GIF89a"}}
{"id": "S09_kwarg_tuple", "exc": "TypeError: int() argument must be a string, a bytes-like object or a number, not 'tuple' @ GifImagePlugin.py:692 _write_local_header", "warnings": [], "src_info_transparency_after": "'<absent>'"}
{"id": "S10_two_frames", "exc": null, "warnings": ["UserWarning: Couldn't allocate palette entry for transparency"], "src_info_transparency_after": "(255, 255, 255)", "reloaded": {"mode": "P", "size": [256, 1], "n_frames": 2, "transparency": "<absent>", "version": "GIF87a"}}
{"id": "S11_rgb_trns_png", "exc": null, "warnings": [], "src_info_transparency_after": "(0, 255, 52)", "reloaded": {"mode": "P", "size": [64, 64], "n_frames": 1, "transparency": 59, "version": "GIF89a"}}
{"id": "S12a_first_gif", "exc": null, "warnings": ["UserWarning: Couldn't allocate palette entry for transparency"], "src_info_transparency_after": "(255, 255, 255)", "reloaded": {"mode": "P", "size": [256, 1], "n_frames": 1, "transparency": "<absent>", "version": "GIF87a"}}
{"id": "S12b_second_gif", "exc": null, "warnings": ["UserWarning: Couldn't allocate palette entry for transparency"], "src_info_transparency_after": "(255, 255, 255)", "reloaded": {"mode": "P", "size": [256, 1], "n_frames": 1, "transparency": "<absent>", "version": "GIF87a"}}
{"id": "S12c_then_png", "png_transparency": "(255, 255, 255)"}
{"id": "S13_getdata_info_int", "gce_present": true, "transparent_flag": 1, "transparent_index": 1}
{"id": "S14_rgb_int_transparency", "exc": null, "warnings": ["UserWarning: Couldn't allocate palette entry for transparency"], "src_info_transparency_after": "0", "reloaded": {"mode": "P", "size": [16, 16], "n_frames": 1, "transparency": "<absent>", "version": "GIF87a"}}
{"id": "S15_p_int_transparency", "exc": null, "warnings": [], "src_info_transparency_after": "1", "reloaded": {"mode": "P", "size": [4, 4], "n_frames": 1, "transparency": 1, "version": "GIF89a"}}
{"id": "S16_bytesio", "transparency": "<absent>"}
{"id": "S17_hopper_band_present", "exc": null, "warnings": [], "src_info_transparency_after": "(0, 255, 0)", "reloaded": {"mode": "P", "size": [128, 128], "n_frames": 1, "transparency": 90, "version": "GIF89a"}, "trns_equals_index_of_pixel_00": true, "alpha_at_00": 0, "alpha_at_64_100": 255, "n_transparent_pixels": 4096, "src_colors": 7533}
{"id": "S18_hopper_band_absent", "exc": null, "warnings": ["UserWarning: Couldn't allocate palette entry for transparency"], "src_info_transparency_after": "(1, 2, 3)", "reloaded": {"mode": "P", "size": [128, 128], "n_frames": 1, "transparency": "<absent>", "version": "GIF87a"}}
