{
  "cache_cases": 8,
  "namespace": {
    "real_phases": [
      "census",
      "normalization"
    ],
    "noop_artifact_entries": 0,
    "fixture_report_outcome": "resolved",
    "report_limit": "评分测试输出由维护 FakeDocker 提供；Git 状态与删除是本机真实结果",
    "baseline_omitted": {
      "dirs": 2,
      "files": 2
    },
    "scoreable_entries_equal": true,
    "excluded_digest_before": "sha256:8351b84d7be436f09e7f40252c45a434d1398496ec00263c8ce7aa6b99379ac6",
    "excluded_digest_after": "sha256:83939eb9537f7958a8c7c4fddb7236d596781fdbe5accc3a912a5baae18764b6",
    "manifest_digest_equal_after_normalization": false,
    "head_before_rc": 0,
    "head_after_rc": 128,
    "head_after_stderr": "fatal: Needed a single revision",
    "active_branch_deleted": true,
    "harness_private_file_deleted": true,
    "regular_same_name_preserved": true,
    "symlinks_not_followed": true,
    "outside_sentinel_preserved": true,
    "local_alternative": {
      "script": "find . -mindepth 1 \\( -path ./.git -o -path ./.harness \\) -prune -o -type d \\( -name .pytest_cache -o -name __pycache__ \\) -prune -exec rm -rf -- {} +",
      "rc": 0,
      "active_head_preserved": true,
      "all_manifest_identity_preserved": true,
      "scoreable_caches_still_removed": true,
      "production_source_modified": false
    }
  },
  "conflict_cases": 4,
  "vendor_install_cases": 7
}
