=====DIFF
 coverage/jsonreport.py | 2 ++
 coverage/results.py    | 9 ++++++++-
 2 files changed, 10 insertions(+), 1 deletion(-)
=====BEGIN v0 ee874f37abb9
bringing up nodes...
bringing up nodes...

....                                                                     [100%]
==================================== PASSES ====================================
=========================== short test summary info ============================
PASSED r2e_tests/test_1.py::JsonReportTest::test_context_relative
PASSED r2e_tests/test_1.py::JsonReportTest::test_context_non_relative
PASSED r2e_tests/test_1.py::JsonReportTest::test_branch_coverage
PASSED r2e_tests/test_1.py::JsonReportTest::test_simple_line_coverage
4 passed in 1.24 seconds
=====END v0 rc=0
=====BEGIN v8 73ad2f277dea
bringing up nodes...
bringing up nodes...

......                                                                   [100%]
==================================== PASSES ====================================
=========================== short test summary info ============================
PASSED r2e_tests/test_1.py::JsonReportTest::test_branch_totals_from_saved_branch_data
PASSED r2e_tests/test_1.py::JsonReportTest::test_branch_totals_count_branch_arcs
PASSED r2e_tests/test_1.py::JsonReportTest::test_branch_coverage
PASSED r2e_tests/test_1.py::JsonReportTest::test_context_relative
PASSED r2e_tests/test_1.py::JsonReportTest::test_simple_line_coverage
PASSED r2e_tests/test_1.py::JsonReportTest::test_context_non_relative
6 passed in 0.78 seconds
=====END v8 rc=0
=====BEGIN rc2 2cbeb5f2724d
bringing up nodes...
bringing up nodes...

.......                                                                  [100%]
==================================== PASSES ====================================
=========================== short test summary info ============================
PASSED r2e_tests/test_1.py::JsonReportTest::test_branch_totals_count_branch_arcs
PASSED r2e_tests/test_1.py::JsonReportTest::test_branch_totals_add_up_across_files
PASSED r2e_tests/test_1.py::JsonReportTest::test_branch_coverage
PASSED r2e_tests/test_1.py::JsonReportTest::test_context_relative
PASSED r2e_tests/test_1.py::JsonReportTest::test_simple_line_coverage
PASSED r2e_tests/test_1.py::JsonReportTest::test_branch_totals_from_saved_branch_data
PASSED r2e_tests/test_1.py::JsonReportTest::test_context_non_relative
7 passed in 0.89 seconds
=====END rc2 rc=0
=====BEGIN rb2 b1d83e2b7dac
bringing up nodes...
bringing up nodes...

.......                                                                  [100%]
==================================== PASSES ====================================
=========================== short test summary info ============================
PASSED r2e_tests/test_1.py::JsonReportTest::test_branch_coverage
PASSED r2e_tests/test_1.py::JsonReportTest::test_branch_totals_count_branch_arcs
PASSED r2e_tests/test_1.py::JsonReportTest::test_branch_totals_add_up_across_files
PASSED r2e_tests/test_1.py::JsonReportTest::test_context_relative
PASSED r2e_tests/test_1.py::JsonReportTest::test_context_non_relative
PASSED r2e_tests/test_1.py::JsonReportTest::test_branch_totals_from_saved_branch_data
PASSED r2e_tests/test_1.py::JsonReportTest::test_simple_line_coverage
7 passed in 1.04 seconds
=====END rb2 rc=0
