=====DIFF
 coverage/jsonreport.py | 2 ++
 coverage/results.py    | 9 ++++++++-
 2 files changed, 10 insertions(+), 1 deletion(-)
=====BEGIN rc3 b1e6380ebbb2
bringing up nodes...
bringing up nodes...

........                                                                 [100%]
==================================== PASSES ====================================
=========================== short test summary info ============================
PASSED r2e_tests/test_1.py::JsonReportTest::test_branch_coverage
PASSED r2e_tests/test_1.py::JsonReportTest::test_branch_totals_count_branch_arcs
PASSED r2e_tests/test_1.py::JsonReportTest::test_branch_totals_add_up_across_files
PASSED r2e_tests/test_1.py::JsonReportTest::test_branch_totals_from_saved_branch_data
PASSED r2e_tests/test_1.py::JsonReportTest::test_context_non_relative
PASSED r2e_tests/test_1.py::JsonReportTest::test_simple_line_coverage
PASSED r2e_tests/test_1.py::JsonReportTest::test_branch_totals_without_branches
PASSED r2e_tests/test_1.py::JsonReportTest::test_context_relative
8 passed in 0.82 seconds
=====END rc3 rc=0
=====BEGIN rb3 94a0dae163e8
bringing up nodes...
bringing up nodes...

........                                                                 [100%]
==================================== PASSES ====================================
=========================== short test summary info ============================
PASSED r2e_tests/test_1.py::JsonReportTest::test_branch_coverage
PASSED r2e_tests/test_1.py::JsonReportTest::test_branch_totals_add_up_across_files
PASSED r2e_tests/test_1.py::JsonReportTest::test_branch_totals_from_saved_branch_data
PASSED r2e_tests/test_1.py::JsonReportTest::test_branch_totals_without_branches
PASSED r2e_tests/test_1.py::JsonReportTest::test_context_relative
PASSED r2e_tests/test_1.py::JsonReportTest::test_branch_totals_count_branch_arcs
PASSED r2e_tests/test_1.py::JsonReportTest::test_simple_line_coverage
PASSED r2e_tests/test_1.py::JsonReportTest::test_context_non_relative
8 passed in 0.86 seconds
=====END rb3 rc=0
