=====DIFF
 coverage/jsonreport.py | 6 ++++++
 1 file changed, 6 insertions(+)
=====BEGIN v0 ee874f37abb9
bringing up nodes...
bringing up nodes...

....                                                                     [100%]
==================================== PASSES ====================================
=========================== short test summary info ============================
PASSED r2e_tests/test_1.py::JsonReportTest::test_context_non_relative
PASSED r2e_tests/test_1.py::JsonReportTest::test_branch_coverage
PASSED r2e_tests/test_1.py::JsonReportTest::test_simple_line_coverage
PASSED r2e_tests/test_1.py::JsonReportTest::test_context_relative
4 passed in 1.02 seconds
=====END v0 rc=0
=====BEGIN v8 73ad2f277dea
bringing up nodes...
bringing up nodes...

......                                                                   [100%]
==================================== PASSES ====================================
=========================== short test summary info ============================
PASSED r2e_tests/test_1.py::JsonReportTest::test_branch_totals_count_branch_arcs
PASSED r2e_tests/test_1.py::JsonReportTest::test_context_relative
PASSED r2e_tests/test_1.py::JsonReportTest::test_branch_totals_from_saved_branch_data
PASSED r2e_tests/test_1.py::JsonReportTest::test_branch_coverage
PASSED r2e_tests/test_1.py::JsonReportTest::test_context_non_relative
PASSED r2e_tests/test_1.py::JsonReportTest::test_simple_line_coverage
6 passed in 1.06 seconds
=====END v8 rc=0
=====BEGIN rc2 2cbeb5f2724d
bringing up nodes...
bringing up nodes...

.......                                                                  [100%]
==================================== PASSES ====================================
=========================== short test summary info ============================
PASSED r2e_tests/test_1.py::JsonReportTest::test_branch_coverage
PASSED r2e_tests/test_1.py::JsonReportTest::test_branch_totals_from_saved_branch_data
PASSED r2e_tests/test_1.py::JsonReportTest::test_branch_totals_count_branch_arcs
PASSED r2e_tests/test_1.py::JsonReportTest::test_simple_line_coverage
PASSED r2e_tests/test_1.py::JsonReportTest::test_branch_totals_add_up_across_files
PASSED r2e_tests/test_1.py::JsonReportTest::test_context_relative
PASSED r2e_tests/test_1.py::JsonReportTest::test_context_non_relative
7 passed in 1.24 seconds
=====END rc2 rc=0
=====BEGIN rb2 b1d83e2b7dac
bringing up nodes...
bringing up nodes...

.......                                                                  [100%]
==================================== PASSES ====================================
=========================== short test summary info ============================
PASSED r2e_tests/test_1.py::JsonReportTest::test_branch_coverage
PASSED r2e_tests/test_1.py::JsonReportTest::test_branch_totals_count_branch_arcs
PASSED r2e_tests/test_1.py::JsonReportTest::test_branch_totals_add_up_across_files
PASSED r2e_tests/test_1.py::JsonReportTest::test_context_non_relative
PASSED r2e_tests/test_1.py::JsonReportTest::test_context_relative
PASSED r2e_tests/test_1.py::JsonReportTest::test_branch_totals_from_saved_branch_data
PASSED r2e_tests/test_1.py::JsonReportTest::test_simple_line_coverage
7 passed in 0.91 seconds
=====END rb2 rc=0
=====BEGIN rc3 b1e6380ebbb2
bringing up nodes...
bringing up nodes...

........                                                                 [100%]
==================================== PASSES ====================================
=========================== short test summary info ============================
PASSED r2e_tests/test_1.py::JsonReportTest::test_branch_coverage
PASSED r2e_tests/test_1.py::JsonReportTest::test_branch_totals_add_up_across_files
PASSED r2e_tests/test_1.py::JsonReportTest::test_branch_totals_count_branch_arcs
PASSED r2e_tests/test_1.py::JsonReportTest::test_branch_totals_from_saved_branch_data
PASSED r2e_tests/test_1.py::JsonReportTest::test_branch_totals_without_branches
PASSED r2e_tests/test_1.py::JsonReportTest::test_context_non_relative
PASSED r2e_tests/test_1.py::JsonReportTest::test_context_relative
PASSED r2e_tests/test_1.py::JsonReportTest::test_simple_line_coverage
8 passed in 0.92 seconds
=====END rc3 rc=0
=====BEGIN rb3 94a0dae163e8
bringing up nodes...
bringing up nodes...

........                                                                 [100%]
==================================== PASSES ====================================
=========================== short test summary info ============================
PASSED r2e_tests/test_1.py::JsonReportTest::test_branch_totals_count_branch_arcs
PASSED r2e_tests/test_1.py::JsonReportTest::test_branch_totals_add_up_across_files
PASSED r2e_tests/test_1.py::JsonReportTest::test_branch_coverage
PASSED r2e_tests/test_1.py::JsonReportTest::test_context_non_relative
PASSED r2e_tests/test_1.py::JsonReportTest::test_branch_totals_without_branches
PASSED r2e_tests/test_1.py::JsonReportTest::test_context_relative
PASSED r2e_tests/test_1.py::JsonReportTest::test_simple_line_coverage
PASSED r2e_tests/test_1.py::JsonReportTest::test_branch_totals_from_saved_branch_data
8 passed in 0.79 seconds
=====END rb3 rc=0
=====BEGIN rc3h c58b71e3e984
bringing up nodes...
bringing up nodes...

......F.                                                                 [100%]
=================================== FAILURES ===================================
____________ JsonReportTest.test_branch_totals_add_up_across_files _____________
[gw1] linux -- Python 3.7.9 /testbed/.venv/bin/python

self = <r2e_tests.test_1.JsonReportTest testMethod=test_branch_totals_add_up_across_files>

    def test_branch_totals_add_up_across_files(self):
        # R2E revision (2026-09-30, R-c): like the other totals keys, the two
        # counts add up every reported file.  branchy_sum.py is BRANCHY (6
        # branch destinations, 4 taken, 2 never taken); branchy_sum_main.py is
        # the issue's one-branch example after an import (2 destinations, 1
        # taken, 1 not taken, 1 partial branch line).
        self.make_file("branchy_sum.py", self.BRANCHY)
        self.make_file("branchy_sum_main.py", """\
            import branchy_sum
            a = {'b': 1}
            if a.get('a'):
                b = 1
            """)
        cov = coverage.Coverage(branch=True)
        main = self.start_import_stop(cov, "branchy_sum_main")
        output_path = os.path.join(self.temp_dir, "branchy_sum.json")
        cov.json_report([main, main.branchy_sum], outfile=output_path)
        with open(output_path) as result_file:
            report = json.load(result_file)
        assert sorted(report['files']) == ['branchy_sum.py', 'branchy_sum_main.py']
        totals = report['totals']
        assert totals['num_branches'] == 8
        assert totals['num_partial_branches'] == 1
        assert totals['covered_branches'] == 5
        assert totals['missing_branches'] == 3
        # Reviewer draft (2026-09-30, R-c): only the reported files count.
        # Both modules were measured; a report on branchy_sum alone must give
        # branchy_sum's own counts.
        only_path = os.path.join(self.temp_dir, "branchy_sum_only.json")
        cov.json_report([main.branchy_sum], outfile=only_path)
        with open(only_path) as result_file:
            only = json.load(result_file)['totals']
>       assert (only['num_branches'], only['covered_branches'], only['missing_branches']) == (6, 4, 2)
E       AssertionError: assert (6, 5, 3) == (6, 4, 2)
E         At index 1 diff: 5 != 4
E         Full diff:
E         - (6, 5, 3)
E         ?     ^  ^
E         + (6, 4, 2)
E         ?     ^  ^

r2e_tests/test_1.py:254: AssertionError
==================================== PASSES ====================================
=========================== short test summary info ============================
PASSED r2e_tests/test_1.py::JsonReportTest::test_branch_totals_count_branch_arcs
PASSED r2e_tests/test_1.py::JsonReportTest::test_branch_coverage
PASSED r2e_tests/test_1.py::JsonReportTest::test_context_non_relative
PASSED r2e_tests/test_1.py::JsonReportTest::test_branch_totals_from_saved_branch_data
PASSED r2e_tests/test_1.py::JsonReportTest::test_context_relative
PASSED r2e_tests/test_1.py::JsonReportTest::test_simple_line_coverage
PASSED r2e_tests/test_1.py::JsonReportTest::test_branch_totals_without_branches
FAILED r2e_tests/test_1.py::JsonReportTest::test_branch_totals_add_up_across_files
1 failed, 7 passed in 1.06 seconds
=====END rc3h rc=1
=====BEGIN rb3h fd4d6ac9ca8e
bringing up nodes...
bringing up nodes...

...F....                                                                 [100%]
=================================== FAILURES ===================================
____________ JsonReportTest.test_branch_totals_add_up_across_files _____________
[gw0] linux -- Python 3.7.9 /testbed/.venv/bin/python

self = <r2e_tests.test_1.JsonReportTest testMethod=test_branch_totals_add_up_across_files>

    def test_branch_totals_add_up_across_files(self):
        # R2E revision (2026-09-30, R-c): like the other totals keys, the two
        # counts add up every reported file.  branchy_sum.py is BRANCHY (6
        # branch destinations, 4 taken, 2 never taken); branchy_sum_main.py is
        # the issue's one-branch example after an import (2 destinations, 1
        # taken, 1 not taken, 1 partial branch line).
        self.make_file("branchy_sum.py", self.BRANCHY)
        self.make_file("branchy_sum_main.py", """\
            import branchy_sum
            a = {'b': 1}
            if a.get('a'):
                b = 1
            """)
        cov = coverage.Coverage(branch=True)
        main = self.start_import_stop(cov, "branchy_sum_main")
        output_path = os.path.join(self.temp_dir, "branchy_sum.json")
        cov.json_report([main, main.branchy_sum], outfile=output_path)
        with open(output_path) as result_file:
            report = json.load(result_file)
        assert sorted(report['files']) == ['branchy_sum.py', 'branchy_sum_main.py']
        totals = report['totals']
        assert totals['num_branches'] == 8
        assert totals['num_partial_branches'] == 1
        assert totals['covered_branches'] == 5
        assert totals['missing_branches'] == 3
        # Reviewer draft (2026-09-30, R-c): only the reported files count.
        # Both modules were measured; a report on branchy_sum alone must give
        # branchy_sum's own counts.
        only_path = os.path.join(self.temp_dir, "branchy_sum_only.json")
        cov.json_report([main.branchy_sum], outfile=only_path)
        with open(only_path) as result_file:
            only = json.load(result_file)['totals']
>       assert (only['num_branches'], only['covered_branches'], only['missing_branches']) == (6, 4, 2)
E       AssertionError: assert (6, 5, 3) == (6, 4, 2)
E         At index 1 diff: 5 != 4
E         Full diff:
E         - (6, 5, 3)
E         ?     ^  ^
E         + (6, 4, 2)
E         ?     ^  ^

r2e_tests/test_1.py:271: AssertionError
==================================== PASSES ====================================
=========================== short test summary info ============================
PASSED r2e_tests/test_1.py::JsonReportTest::test_branch_totals_count_branch_arcs
PASSED r2e_tests/test_1.py::JsonReportTest::test_context_non_relative
PASSED r2e_tests/test_1.py::JsonReportTest::test_branch_coverage
PASSED r2e_tests/test_1.py::JsonReportTest::test_context_relative
PASSED r2e_tests/test_1.py::JsonReportTest::test_branch_totals_without_branches
PASSED r2e_tests/test_1.py::JsonReportTest::test_simple_line_coverage
PASSED r2e_tests/test_1.py::JsonReportTest::test_branch_totals_from_saved_branch_data
FAILED r2e_tests/test_1.py::JsonReportTest::test_branch_totals_add_up_across_files
1 failed, 7 passed in 0.87 seconds
=====END rb3h rc=1
