=====DIFF
 coverage/jsonreport.py | 2 ++
 1 file changed, 2 insertions(+)
=====BEGIN rc3h c58b71e3e984
bringing up nodes...
bringing up nodes...

........                                                                 [100%]
==================================== PASSES ====================================
=========================== short test summary info ============================
PASSED r2e_tests/test_1.py::JsonReportTest::test_branch_coverage
PASSED r2e_tests/test_1.py::JsonReportTest::test_branch_totals_add_up_across_files
PASSED r2e_tests/test_1.py::JsonReportTest::test_branch_totals_count_branch_arcs
PASSED r2e_tests/test_1.py::JsonReportTest::test_branch_totals_from_saved_branch_data
PASSED r2e_tests/test_1.py::JsonReportTest::test_branch_totals_without_branches
PASSED r2e_tests/test_1.py::JsonReportTest::test_context_non_relative
PASSED r2e_tests/test_1.py::JsonReportTest::test_context_relative
PASSED r2e_tests/test_1.py::JsonReportTest::test_simple_line_coverage
8 passed in 0.97 seconds
=====END rc3h rc=0
=====BEGIN rb3h fd4d6ac9ca8e
bringing up nodes...
bringing up nodes...

........                                                                 [100%]
==================================== PASSES ====================================
=========================== short test summary info ============================
PASSED r2e_tests/test_1.py::JsonReportTest::test_branch_coverage
PASSED r2e_tests/test_1.py::JsonReportTest::test_branch_totals_count_branch_arcs
PASSED r2e_tests/test_1.py::JsonReportTest::test_context_non_relative
PASSED r2e_tests/test_1.py::JsonReportTest::test_branch_totals_add_up_across_files
PASSED r2e_tests/test_1.py::JsonReportTest::test_branch_totals_from_saved_branch_data
PASSED r2e_tests/test_1.py::JsonReportTest::test_context_relative
PASSED r2e_tests/test_1.py::JsonReportTest::test_simple_line_coverage
PASSED r2e_tests/test_1.py::JsonReportTest::test_branch_totals_without_branches
8 passed in 0.74 seconds
=====END rb3h rc=0
