=====DIFF
 coverage/jsonreport.py | 2 ++
 1 file changed, 2 insertions(+)
=====BEGIN v0 ee874f37abb9
bringing up nodes...
bringing up nodes...

....                                                                     [100%]
==================================== PASSES ====================================
=========================== short test summary info ============================
PASSED r2e_tests/test_1.py::JsonReportTest::test_context_relative
PASSED r2e_tests/test_1.py::JsonReportTest::test_context_non_relative
PASSED r2e_tests/test_1.py::JsonReportTest::test_branch_coverage
PASSED r2e_tests/test_1.py::JsonReportTest::test_simple_line_coverage
4 passed in 0.67 seconds
=====END v0 rc=0
=====BEGIN v8 73ad2f277dea
bringing up nodes...
bringing up nodes...

......                                                                   [100%]
==================================== PASSES ====================================
=========================== short test summary info ============================
PASSED r2e_tests/test_1.py::JsonReportTest::test_branch_totals_count_branch_arcs
PASSED r2e_tests/test_1.py::JsonReportTest::test_branch_totals_from_saved_branch_data
PASSED r2e_tests/test_1.py::JsonReportTest::test_branch_coverage
PASSED r2e_tests/test_1.py::JsonReportTest::test_simple_line_coverage
PASSED r2e_tests/test_1.py::JsonReportTest::test_context_relative
PASSED r2e_tests/test_1.py::JsonReportTest::test_context_non_relative
6 passed in 0.64 seconds
=====END v8 rc=0
