bringing up nodes...
bringing up nodes...

...............s                                                         [100%]
==================================== PASSES ====================================
______________ GettraceTest.test_round_trip_in_untraced_function _______________
[gw1] linux -- Python 3.7.9 /testbed/.venv/bin/python
----------------------------- Captured stdout call -----------------------------
10
7
3
5
9
12
______________________ GettraceTest.test_atexit_gettrace _______________________
[gw0] linux -- Python 3.7.9 /testbed/.venv/bin/python
----------------------------- Captured stdout call -----------------------------
trace_function

________________________ ExecTest.test_correct_filename ________________________
[gw1] linux -- Python 3.7.9 /testbed/.venv/bin/python
----------------------------- Captured stdout call -----------------------------
var is 17
done
_________________ GettraceTest.test_setting_new_trace_function _________________
[gw0] linux -- Python 3.7.9 /testbed/.venv/bin/python
----------------------------- Captured stdout call -----------------------------
call: coverage_test_04199719752327957.py @ 10
line: coverage_test_04199719752327957.py @ 11
line: coverage_test_04199719752327957.py @ 12
return: coverage_test_04199719752327957.py @ 12
__________________ MockingProtectionTest.test_os_path_exists ___________________
[gw1] linux -- Python 3.7.9 /testbed/.venv/bin/python
----------------------------- Captured stdout call -----------------------------
in test
bug416a.py
23
17

=========================== short test summary info ============================
PASSED r2e_tests/test_1.py::RecursionTest::test_long_recursion
PASSED r2e_tests/test_1.py::ThreadingTest::test_threading
PASSED r2e_tests/test_1.py::ThreadingTest::test_thread_run
PASSED r2e_tests/test_1.py::RecursionTest::test_short_recursion
PASSED r2e_tests/test_1.py::RecursionTest::test_long_recursion_recovery
PASSED r2e_tests/test_1.py::PyexpatTest::test_pyexpat
PASSED r2e_tests/test_1.py::ExceptionTest::test_exception
PASSED r2e_tests/test_1.py::DoctestTest::test_doctest
PASSED r2e_tests/test_1.py::GettraceTest::test_round_trip_in_untraced_function
PASSED r2e_tests/test_1.py::GettraceTest::test_atexit_gettrace
PASSED r2e_tests/test_1.py::ExecTest::test_correct_filename
PASSED r2e_tests/test_1.py::ExecTest::test_unencodable_filename
PASSED r2e_tests/test_1.py::GettraceTest::test_setting_new_trace_function
PASSED r2e_tests/test_1.py::MockingProtectionTest::test_os_path_exists
PASSED r2e_tests/test_1.py::MemoryLeakTest::test_for_leaks
SKIPPED [1] r2e_tests/test_1.py:199: This is too expensive for now (30s)
15 passed, 1 skipped in 1.16 seconds
