base orig reward 0 rc 1 21.1 s 06:07:55
base v1 reward 0 rc 1 22.8 s 06:08:18
base revised_test_v2_draft reward 0 rc 1 23.1 s 06:08:41
gold orig reward 1 rc 0 21.3 s 06:09:02
gold v1 reward 0 rc 1 22.6 s 06:09:25
gold revised_test_v2_draft reward 0 rc 1 20.5 s 06:09:45
gold_full orig reward 1 rc 0 22.2 s 06:10:07
gold_full v1 reward 1 rc 0 22.8 s 06:10:30
gold_full revised_test_v2_draft reward 1 rc 0 21.9 s 06:10:52
exact_full orig reward 0 rc 1 22.6 s 06:11:15
exact_full v1 reward 1 rc 0 24.6 s 06:11:39
exact_full revised_test_v2_draft reward 1 rc 0 21.2 s 06:12:00
higher_full orig reward 0 rc 1 23.7 s 06:12:24
higher_full v1 reward 1 rc 0 23.1 s 06:12:47
higher_full revised_test_v2_draft reward 1 rc 0 21.8 s 06:13:09
nearest_via_float orig reward 1 rc 0 23.0 s 06:13:32
nearest_via_float v1 reward 0 rc 1 21.7 s 06:13:54
nearest_via_float revised_test_v2_draft reward 0 rc 1 21.4 s 06:14:15
rv_pin_noclip orig reward 0 rc 1 22.6 s 06:14:38
rv_pin_noclip v1 reward 1 rc 0 21.9 s 06:15:00
rv_pin_noclip revised_test_v2_draft reward 0 rc 1 21.6 s 06:15:21
rv_interp_pin_noclip orig reward 1 rc 0 23.3 s 06:15:45
rv_interp_pin_noclip v1 reward 1 rc 0 21.1 s 06:16:06
rv_interp_pin_noclip revised_test_v2_draft reward 0 rc 1 21.4 s 06:16:27
rv_maxonly_threshold orig reward 0 rc 1 22.1 s 06:16:49
rv_maxonly_threshold v1 reward 1 rc 0 22.3 s 06:17:11
rv_maxonly_threshold revised_test_v2_draft reward 0 rc 1 23.5 s 06:17:35
rv_lower_full orig reward 1 rc 0 24.1 s 06:17:59
rv_lower_full v1 reward 1 rc 0 21.3 s 06:18:20
rv_lower_full revised_test_v2_draft reward 1 rc 0 22.2 s 06:18:42
rv_exact_linear orig reward 0 rc 1 23.2 s 06:19:06
rv_exact_linear v1 reward 1 rc 0 22.1 s 06:19:28
rv_exact_linear revised_test_v2_draft reward 1 rc 0 22.5 s 06:19:50
rv_minmax_graph orig reward 0 rc 1 21.6 s 06:20:12
rv_minmax_graph v1 reward 1 rc 0 24.8 s 06:20:37
rv_minmax_graph revised_test_v2_draft reward 1 rc 0 25.3 s 06:21:02
rv_dup_branch orig reward 0 rc 1 24.1 s 06:21:26
rv_dup_branch v1 reward 1 rc 0 25.3 s 06:21:51
rv_dup_branch revised_test_v2_draft reward 1 rc 0 24.5 s 06:22:16
rv_swallow_int64 orig reward 1 rc 0 21.5 s 06:22:37
rv_swallow_int64 v1 reward 0 rc 1 23.7 s 06:23:01
rv_swallow_int64 revised_test_v2_draft reward 0 rc 1 24.1 s 06:23:25
rv_si_override orig reward 0 rc 1 21.8 s 06:23:47
rv_si_override v1 reward 0 rc 1 22.9 s 06:24:10
rv_si_override revised_test_v2_draft reward 0 rc 1 23.4 s 06:24:33
rv_sorted_assume orig reward 0 rc 1 24.2 s 06:24:57
rv_sorted_assume v1 reward 0 rc 1 22.9 s 06:25:20
rv_sorted_assume revised_test_v2_draft reward 0 rc 1 23.1 s 06:25:43
rv_len2 orig reward 0 rc 1 26.5 s 06:26:10
rv_len2 v1 reward 0 rc 1 25.4 s 06:26:35
rv_len2 revised_test_v2_draft reward 0 rc 1 24.2 s 06:26:59
