{
 "rgba": {
  "normalize": {
   "py_palette_mode": "RGBA",
   "py_palette_len": 12,
   "py_palette_head": [
    0,
    0,
    255,
    255,
    0,
    0,
    10,
    20,
    30,
    0,
    255,
    0
   ],
   "c_palette_mode": "RGBA",
   "indices": [
    0,
    1,
    2,
    3
   ],
   "rgb_render_ok": true
  },
  "save_palette": {
   "reloaded_rgb_ok": false,
   "reloaded_rgb": [
    [
     0,
     0,
     255
    ],
    [
     255,
     0,
     0
    ],
    [
     10,
     20,
     30
    ],
    [
     0,
     255,
     0
    ]
   ]
  },
  "save_palette_bg_tuple": {
   "reloaded_rgb_ok": false,
   "reloaded_rgb": [
    [
     0,
     0,
     255
    ],
    [
     255,
     0,
     0
    ],
    [
     10,
     20,
     30
    ],
    [
     0,
     255,
     0
    ]
   ],
   "background_index": 4,
   "background_color": [
    0,
    255,
    0
   ],
   "background_ok": true
  },
  "save_plain": {
   "reloaded_rgb_ok": true
  }
 },
 "rgb": {
  "normalize": {
   "py_palette_mode": "RGB",
   "py_palette_len": 12,
   "py_palette_head": [
    0,
    0,
    255,
    255,
    0,
    0,
    10,
    20,
    30,
    0,
    255,
    0
   ],
   "c_palette_mode": "RGB",
   "indices": [
    1,
    3,
    0,
    2
   ],
   "rgb_render_ok": true
  },
  "save_palette": {
   "reloaded_rgb_ok": true,
   "reloaded_rgb": [
    [
     255,
     0,
     0
    ],
    [
     0,
     255,
     0
    ],
    [
     0,
     0,
     255
    ],
    [
     10,
     20,
     30
    ]
   ]
  },
  "save_palette_bg_tuple": {
   "reloaded_rgb_ok": true,
   "reloaded_rgb": [
    [
     255,
     0,
     0
    ],
    [
     0,
     255,
     0
    ],
    [
     0,
     0,
     255
    ],
    [
     10,
     20,
     30
    ]
   ],
   "background_index": 3,
   "background_color": [
    0,
    255,
    0
   ],
   "background_ok": true
  },
  "save_plain": {
   "reloaded_rgb_ok": true
  }
 }
}
